Archive member included to satisfy reference by file (symbol)

/usr/lib/gcc/arm-none-eabi/10.2.0/../../../../arm-none-eabi/lib/thumb/v7e-m+fp/hard/libc_nano.a(lib_a-atexit.o)
                              /usr/lib/gcc/arm-none-eabi/10.2.0/../../../../arm-none-eabi/lib/thumb/v7e-m+fp/hard/crt0.o (atexit)
/usr/lib/gcc/arm-none-eabi/10.2.0/../../../../arm-none-eabi/lib/thumb/v7e-m+fp/hard/libc_nano.a(lib_a-exit.o)
                              /usr/lib/gcc/arm-none-eabi/10.2.0/../../../../arm-none-eabi/lib/thumb/v7e-m+fp/hard/crt0.o (exit)
/usr/lib/gcc/arm-none-eabi/10.2.0/../../../../arm-none-eabi/lib/thumb/v7e-m+fp/hard/libc_nano.a(lib_a-fini.o)
                              /usr/lib/gcc/arm-none-eabi/10.2.0/../../../../arm-none-eabi/lib/thumb/v7e-m+fp/hard/crt0.o (__libc_fini_array)
/usr/lib/gcc/arm-none-eabi/10.2.0/../../../../arm-none-eabi/lib/thumb/v7e-m+fp/hard/libc_nano.a(lib_a-impure.o)
                              /usr/lib/gcc/arm-none-eabi/10.2.0/../../../../arm-none-eabi/lib/thumb/v7e-m+fp/hard/libc_nano.a(lib_a-exit.o) (_global_impure_ptr)
/usr/lib/gcc/arm-none-eabi/10.2.0/../../../../arm-none-eabi/lib/thumb/v7e-m+fp/hard/libc_nano.a(lib_a-init.o)
                              /usr/lib/gcc/arm-none-eabi/10.2.0/../../../../arm-none-eabi/lib/thumb/v7e-m+fp/hard/crt0.o (__libc_init_array)
/usr/lib/gcc/arm-none-eabi/10.2.0/../../../../arm-none-eabi/lib/thumb/v7e-m+fp/hard/libc_nano.a(lib_a-memset.o)
                              /usr/lib/gcc/arm-none-eabi/10.2.0/../../../../arm-none-eabi/lib/thumb/v7e-m+fp/hard/crt0.o (memset)
/usr/lib/gcc/arm-none-eabi/10.2.0/../../../../arm-none-eabi/lib/thumb/v7e-m+fp/hard/libc_nano.a(lib_a-sprintf.o)
                              build/main.o (sprintf)
/usr/lib/gcc/arm-none-eabi/10.2.0/../../../../arm-none-eabi/lib/thumb/v7e-m+fp/hard/libc_nano.a(lib_a-__atexit.o)
                              /usr/lib/gcc/arm-none-eabi/10.2.0/../../../../arm-none-eabi/lib/thumb/v7e-m+fp/hard/libc_nano.a(lib_a-atexit.o) (__register_exitproc)
/usr/lib/gcc/arm-none-eabi/10.2.0/../../../../arm-none-eabi/lib/thumb/v7e-m+fp/hard/libc_nano.a(lib_a-__call_atexit.o)
                              /usr/lib/gcc/arm-none-eabi/10.2.0/../../../../arm-none-eabi/lib/thumb/v7e-m+fp/hard/libc_nano.a(lib_a-__atexit.o) (__call_exitprocs)
/usr/lib/gcc/arm-none-eabi/10.2.0/../../../../arm-none-eabi/lib/thumb/v7e-m+fp/hard/libc_nano.a(lib_a-nano-svfprintf.o)
                              /usr/lib/gcc/arm-none-eabi/10.2.0/../../../../arm-none-eabi/lib/thumb/v7e-m+fp/hard/libc_nano.a(lib_a-sprintf.o) (_svfprintf_r)
/usr/lib/gcc/arm-none-eabi/10.2.0/../../../../arm-none-eabi/lib/thumb/v7e-m+fp/hard/libc_nano.a(lib_a-nano-vfprintf_i.o)
                              /usr/lib/gcc/arm-none-eabi/10.2.0/../../../../arm-none-eabi/lib/thumb/v7e-m+fp/hard/libc_nano.a(lib_a-nano-svfprintf.o) (_printf_i)
/usr/lib/gcc/arm-none-eabi/10.2.0/../../../../arm-none-eabi/lib/thumb/v7e-m+fp/hard/libc_nano.a(lib_a-memchr.o)
                              /usr/lib/gcc/arm-none-eabi/10.2.0/../../../../arm-none-eabi/lib/thumb/v7e-m+fp/hard/libc_nano.a(lib_a-nano-svfprintf.o) (memchr)
/usr/lib/gcc/arm-none-eabi/10.2.0/../../../../arm-none-eabi/lib/thumb/v7e-m+fp/hard/libc_nano.a(lib_a-memcpy-stub.o)
                              /usr/lib/gcc/arm-none-eabi/10.2.0/../../../../arm-none-eabi/lib/thumb/v7e-m+fp/hard/libc_nano.a(lib_a-nano-svfprintf.o) (memcpy)
/usr/lib/gcc/arm-none-eabi/10.2.0/../../../../arm-none-eabi/lib/thumb/v7e-m+fp/hard/libc_nano.a(lib_a-memmove.o)
                              /usr/lib/gcc/arm-none-eabi/10.2.0/../../../../arm-none-eabi/lib/thumb/v7e-m+fp/hard/libc_nano.a(lib_a-nano-svfprintf.o) (memmove)
/usr/lib/gcc/arm-none-eabi/10.2.0/../../../../arm-none-eabi/lib/thumb/v7e-m+fp/hard/libc_nano.a(lib_a-nano-freer.o)
                              /usr/lib/gcc/arm-none-eabi/10.2.0/../../../../arm-none-eabi/lib/thumb/v7e-m+fp/hard/libc_nano.a(lib_a-nano-svfprintf.o) (_free_r)
/usr/lib/gcc/arm-none-eabi/10.2.0/../../../../arm-none-eabi/lib/thumb/v7e-m+fp/hard/libc_nano.a(lib_a-nano-mallocr.o)
                              /usr/lib/gcc/arm-none-eabi/10.2.0/../../../../arm-none-eabi/lib/thumb/v7e-m+fp/hard/libc_nano.a(lib_a-nano-svfprintf.o) (_malloc_r)
/usr/lib/gcc/arm-none-eabi/10.2.0/../../../../arm-none-eabi/lib/thumb/v7e-m+fp/hard/libc_nano.a(lib_a-nano-reallocr.o)
                              /usr/lib/gcc/arm-none-eabi/10.2.0/../../../../arm-none-eabi/lib/thumb/v7e-m+fp/hard/libc_nano.a(lib_a-nano-svfprintf.o) (_realloc_r)
/usr/lib/gcc/arm-none-eabi/10.2.0/../../../../arm-none-eabi/lib/thumb/v7e-m+fp/hard/libc_nano.a(lib_a-sbrkr.o)
                              /usr/lib/gcc/arm-none-eabi/10.2.0/../../../../arm-none-eabi/lib/thumb/v7e-m+fp/hard/libc_nano.a(lib_a-nano-mallocr.o) (_sbrk_r)
/usr/lib/gcc/arm-none-eabi/10.2.0/../../../../arm-none-eabi/lib/thumb/v7e-m+fp/hard/libc_nano.a(lib_a-mlock.o)
[...]
Memory Configuration

Name             Origin             Length             Attributes
RAM              0x0000000020000000 0x0000000000020000 xrw
CCMRAM           0x0000000010000000 0x0000000000010000 xrw
FLASH            0x0000000008000000 0x0000000000100000 xr
*default*        0x0000000000000000 0xffffffffffffffff

Linker script and memory map

LOAD /usr/lib/gcc/arm-none-eabi/10.2.0/thumb/v7e-m+fp/hard/crti.o
LOAD /usr/lib/gcc/arm-none-eabi/10.2.0/thumb/v7e-m+fp/hard/crtbegin.o
LOAD /usr/lib/gcc/arm-none-eabi/10.2.0/../../../../arm-none-eabi/lib/thumb/v7e-m+fp/hard/crt0.o
LOAD build/main.o
LOAD build/stm32f4xx_it.o
LOAD build/stm32f4xx_hal_msp.o
LOAD build/stm32f4xx_hal_rtc.o
LOAD build/stm32f4xx_hal_rtc_ex.o
LOAD build/stm32f4xx_hal_rcc.o
LOAD build/stm32f4xx_hal_rcc_ex.o
LOAD build/stm32f4xx_hal_flash.o
LOAD build/stm32f4xx_hal_flash_ex.o
LOAD build/stm32f4xx_hal_flash_ramfunc.o
LOAD build/stm32f4xx_hal_gpio.o
LOAD build/stm32f4xx_hal_dma_ex.o
LOAD build/stm32f4xx_hal_dma.o
LOAD build/stm32f4xx_hal_pwr.o
LOAD build/stm32f4xx_hal_pwr_ex.o
LOAD build/stm32f4xx_hal_cortex.o
LOAD build/stm32f4xx_hal.o
LOAD build/stm32f4xx_hal_exti.o
LOAD build/stm32f4xx_hal_tim.o
LOAD build/stm32f4xx_hal_tim_ex.o
LOAD build/system_stm32f4xx.o
LOAD build/stm32f4xx_hal_uart.o
LOAD build/startup_stm32f407xx.o
LOAD /usr/lib/gcc/arm-none-eabi/10.2.0/../../../../arm-none-eabi/lib/thumb/v7e-m+fp/hard/libc_nano.a
LOAD /usr/lib/gcc/arm-none-eabi/10.2.0/../../../../arm-none-eabi/lib/thumb/v7e-m+fp/hard/libm.a
LOAD /usr/lib/gcc/arm-none-eabi/10.2.0/../../../../arm-none-eabi/lib/thumb/v7e-m+fp/hard/libnosys.a
START GROUP
LOAD /usr/lib/gcc/arm-none-eabi/10.2.0/thumb/v7e-m+fp/hard/libgcc.a
LOAD /usr/lib/gcc/arm-none-eabi/10.2.0/../../../../arm-none-eabi/lib/thumb/v7e-m+fp/hard/libc_nano.a
END GROUP
START GROUP
LOAD /usr/lib/gcc/arm-none-eabi/10.2.0/thumb/v7e-m+fp/hard/libgcc.a
LOAD /usr/lib/gcc/arm-none-eabi/10.2.0/../../../../arm-none-eabi/lib/thumb/v7e-m+fp/hard/libc_nano.a
END GROUP
LOAD /usr/lib/gcc/arm-none-eabi/10.2.0/thumb/v7e-m+fp/hard/crtend.o
LOAD /usr/lib/gcc/arm-none-eabi/10.2.0/thumb/v7e-m+fp/hard/crtn.o
                0x0000000020020000                _estack = 0x20020000
                0x0000000000000200                _Min_Heap_Size = 0x200
                0x0000000000000400                _Min_Stack_Size = 0x400

.isr_vector     0x0000000008000000      0x188
                0x0000000008000000                . = ALIGN (0x4)
 *(.isr_vector)
 .isr_vector    0x0000000008000000      0x188 build/startup_stm32f407xx.o
                0x0000000008000000                g_pfnVectors
                0x0000000008000188                . = ALIGN (0x4)

.text           0x0000000008000190     0x23d4
                0x0000000008000190                . = ALIGN (0x4)
 *(.text)
 .text          0x0000000008000190       0x88 /usr/lib/gcc/arm-none-eabi/10.2.0/thumb/v7e-m+fp/hard/crtbegin.o
 *fill*         0x0000000008000218        0x8 
 .text          0x0000000008000220       0xa0 /usr/lib/gcc/arm-none-eabi/10.2.0/../../../../arm-none-eabi/lib/thumb/v7e-m+fp/hard/libc_nano.a(lib_a-memchr.o)
                0x0000000008000220                memchr
 .text          0x00000000080002c0       0x30 /usr/lib/gcc/arm-none-eabi/10.2.0/thumb/v7e-m+fp/hard/libgcc.a(_aeabi_uldivmod.o)
                0x00000000080002c0                __aeabi_uldivmod
 .text          0x00000000080002f0      0x2d8 /usr/lib/gcc/arm-none-eabi/10.2.0/thumb/v7e-m+fp/hard/libgcc.a(_udivmoddi4.o)
                0x00000000080002f0                __udivmoddi4
 .text          0x00000000080005c8        0x4 /usr/lib/gcc/arm-none-eabi/10.2.0/thumb/v7e-m+fp/hard/libgcc.a(_dvmd_tls.o)
                0x00000000080005c8                __aeabi_ldiv0
                0x00000000080005c8                __aeabi_idiv0
 *(.text*)
 .text.MX_GPIO_Init
                0x00000000080005cc       0x94 build/main.o
 .text.SWO_PrintChar
                0x0000000008000660       0x48 build/main.o
                0x0000000008000660                SWO_PrintChar
 .text.SWO_PrintString
                0x00000000080006a8       0x18 build/main.o
                0x00000000080006a8                SWO_PrintString
 .text.printString
                0x00000000080006c0        0xa build/main.o
                0x00000000080006c0                printString
 *fill*         0x00000000080006ca        0x2 
 .text.HAL_RTCEx_WakeUpTimerEventCallback
                0x00000000080006cc       0x48 build/main.o
                0x00000000080006cc                HAL_RTCEx_WakeUpTimerEventCallback
 .text.Error_Handler
                0x0000000008000714        0x4 build/main.o
                0x0000000008000714                Error_Handler
 .text.MX_RTC_Init
                0x0000000008000718       0x94 build/main.o
 .text.MX_USART3_UART_Init
                0x00000000080007ac       0x34 build/main.o
 .text.SystemClock_Config
                0x00000000080007e0       0xc8 build/main.o
                0x00000000080007e0                SystemClock_Config
 .text.main     0x00000000080008a8       0x18 build/main.o
                0x00000000080008a8                main
 .text.NMI_Handler
                0x00000000080008c0        0x2 build/stm32f4xx_it.o
                0x00000000080008c0                NMI_Handler
 .text.HardFault_Handler
                0x00000000080008c2        0x2 build/stm32f4xx_it.o
                0x00000000080008c2                HardFault_Handler
 .text.MemManage_Handler
                0x00000000080008c4        0x2 build/stm32f4xx_it.o
                0x00000000080008c4                MemManage_Handler
 .text.BusFault_Handler
                0x00000000080008c6        0x2 build/stm32f4xx_it.o
                0x00000000080008c6                BusFault_Handler
 .text.UsageFault_Handler
                0x00000000080008c8        0x2 build/stm32f4xx_it.o
                0x00000000080008c8                UsageFault_Handler
 .text.SVC_Handler
                0x00000000080008ca        0x2 build/stm32f4xx_it.o
                0x00000000080008ca                SVC_Handler
 .text.DebugMon_Handler
                0x00000000080008cc        0x2 build/stm32f4xx_it.o
                0x00000000080008cc                DebugMon_Handler
 .text.PendSV_Handler
                0x00000000080008ce        0x2 build/stm32f4xx_it.o
                0x00000000080008ce                PendSV_Handler
 .text.SysTick_Handler
                0x00000000080008d0        0x8 build/stm32f4xx_it.o
                0x00000000080008d0                SysTick_Handler
 .text.RTC_WKUP_IRQHandler
                0x00000000080008d8       0x10 build/stm32f4xx_it.o
                0x00000000080008d8                RTC_WKUP_IRQHandler
 .text.HAL_MspInit
                0x00000000080008e8       0x38 build/stm32f4xx_hal_msp.o
                0x00000000080008e8                HAL_MspInit
 .text.HAL_RTC_MspInit
                0x0000000008000920       0x2c build/stm32f4xx_hal_msp.o
                0x0000000008000920                HAL_RTC_MspInit
 .text.HAL_UART_MspInit
                0x000000000800094c       0x70 build/stm32f4xx_hal_msp.o
                0x000000000800094c                HAL_UART_MspInit
 .text.HAL_RTC_WaitForSynchro
                0x00000000080009bc       0x32 build/stm32f4xx_hal_rtc.o
                0x00000000080009bc                HAL_RTC_WaitForSynchro
 .text.RTC_EnterInitMode
                0x00000000080009ee       0x3c build/stm32f4xx_hal_rtc.o
                0x00000000080009ee                RTC_EnterInitMode
 .text.HAL_RTC_Init
                0x0000000008000a2a       0xc4 build/stm32f4xx_hal_rtc.o
                0x0000000008000a2a                HAL_RTC_Init
 .text.RTC_ByteToBcd2
                0x0000000008000aee       0x16 build/stm32f4xx_hal_rtc.o
                0x0000000008000aee                RTC_ByteToBcd2
 .text.HAL_RTC_SetTime
                0x0000000008000b04       0xfe build/stm32f4xx_hal_rtc.o
                0x0000000008000b04                HAL_RTC_SetTime
 .text.HAL_RTC_SetDate
                0x0000000008000c02       0xda build/stm32f4xx_hal_rtc.o
                0x0000000008000c02                HAL_RTC_SetDate
 .text.HAL_RTCEx_SetWakeUpTimer_IT
                0x0000000008000cdc      0x110 build/stm32f4xx_hal_rtc_ex.o
                0x0000000008000cdc                HAL_RTCEx_SetWakeUpTimer_IT
 .text.HAL_RTCEx_WakeUpTimerIRQHandler
                0x0000000008000dec       0x34 build/stm32f4xx_hal_rtc_ex.o
                0x0000000008000dec                HAL_RTCEx_WakeUpTimerIRQHandler
 .text.HAL_RCC_OscConfig
                0x0000000008000e20      0x3f8 build/stm32f4xx_hal_rcc.o
                0x0000000008000e20                HAL_RCC_OscConfig
 .text.HAL_RCC_GetSysClockFreq
                0x0000000008001218       0xd4 build/stm32f4xx_hal_rcc.o
                0x0000000008001218                HAL_RCC_GetSysClockFreq
 .text.HAL_RCC_ClockConfig
                0x00000000080012ec      0x160 build/stm32f4xx_hal_rcc.o
                0x00000000080012ec                HAL_RCC_ClockConfig
 .text.HAL_RCC_GetHCLKFreq
                0x000000000800144c        0xc build/stm32f4xx_hal_rcc.o
                0x000000000800144c                HAL_RCC_GetHCLKFreq
 .text.HAL_RCC_GetPCLK1Freq
                0x0000000008001458       0x20 build/stm32f4xx_hal_rcc.o
                0x0000000008001458                HAL_RCC_GetPCLK1Freq
 .text.HAL_RCC_GetPCLK2Freq
                0x0000000008001478       0x20 build/stm32f4xx_hal_rcc.o
                0x0000000008001478                HAL_RCC_GetPCLK2Freq
 .text.HAL_RCCEx_PeriphCLKConfig
                0x0000000008001498      0x154 build/stm32f4xx_hal_rcc_ex.o
                0x0000000008001498                HAL_RCCEx_PeriphCLKConfig
 .text.HAL_GPIO_Init
                0x00000000080015ec      0x1e4 build/stm32f4xx_hal_gpio.o
                0x00000000080015ec                HAL_GPIO_Init
 .text.HAL_GPIO_WritePin
                0x00000000080017d0        0xc build/stm32f4xx_hal_gpio.o
                0x00000000080017d0                HAL_GPIO_WritePin
 .text.HAL_GPIO_TogglePin
                0x00000000080017dc       0x12 build/stm32f4xx_hal_gpio.o
                0x00000000080017dc                HAL_GPIO_TogglePin
 *fill*         0x00000000080017ee        0x2 
 .text.HAL_NVIC_SetPriorityGrouping
                0x00000000080017f0       0x24 build/stm32f4xx_hal_cortex.o
                0x00000000080017f0                HAL_NVIC_SetPriorityGrouping
 .text.HAL_NVIC_SetPriority
                0x0000000008001814       0x70 build/stm32f4xx_hal_cortex.o
                0x0000000008001814                HAL_NVIC_SetPriority
 .text.HAL_NVIC_EnableIRQ
                0x0000000008001884       0x1c build/stm32f4xx_hal_cortex.o
                0x0000000008001884                HAL_NVIC_EnableIRQ
 .text.HAL_SYSTICK_Config
                0x00000000080018a0       0x28 build/stm32f4xx_hal_cortex.o
                0x00000000080018a0                HAL_SYSTICK_Config
 .text.HAL_InitTick
                0x00000000080018c8       0x4c build/stm32f4xx_hal.o
                0x00000000080018c8                HAL_InitTick
 .text.HAL_Init
                0x0000000008001914       0x34 build/stm32f4xx_hal.o
                0x0000000008001914                HAL_Init
 .text.HAL_IncTick
                0x0000000008001948       0x18 build/stm32f4xx_hal.o
                0x0000000008001948                HAL_IncTick
 .text.HAL_GetTick
                0x0000000008001960        0xc build/stm32f4xx_hal.o
                0x0000000008001960                HAL_GetTick
 .text.SystemInit
                0x000000000800196c       0x14 build/system_stm32f4xx.o
                0x000000000800196c                SystemInit
 .text.UART_SetConfig
                0x0000000008001980      0x110 build/stm32f4xx_hal_uart.o
 .text.UART_WaitOnFlagUntilTimeout
                0x0000000008001a90       0x6c build/stm32f4xx_hal_uart.o
 .text.HAL_UART_Init
                0x0000000008001afc       0x5e build/stm32f4xx_hal_uart.o
                0x0000000008001afc                HAL_UART_Init
 .text.HAL_UART_Transmit
                0x0000000008001b5a       0xd8 build/stm32f4xx_hal_uart.o
                0x0000000008001b5a                HAL_UART_Transmit
 *fill*         0x0000000008001c32        0x2 
 .text.Reset_Handler
                0x0000000008001c34       0x50 build/startup_stm32f407xx.o
                0x0000000008001c34                Reset_Handler
 .text.Default_Handler
                0x0000000008001c84        0x2 build/startup_stm32f407xx.o
                0x0000000008001c84                RTC_Alarm_IRQHandler
                0x0000000008001c84                HASH_RNG_IRQHandler
                0x0000000008001c84                EXTI2_IRQHandler
                0x0000000008001c84                TIM8_CC_IRQHandler
                0x0000000008001c84                TIM1_CC_IRQHandler
                0x0000000008001c84                DMA2_Stream5_IRQHandler
                0x0000000008001c84                DMA1_Stream5_IRQHandler
                0x0000000008001c84                PVD_IRQHandler
                0x0000000008001c84                SDIO_IRQHandler
                0x0000000008001c84                TAMP_STAMP_IRQHandler
                0x0000000008001c84                CAN2_RX1_IRQHandler
                0x0000000008001c84                EXTI3_IRQHandler
                0x0000000008001c84                TIM8_TRG_COM_TIM14_IRQHandler
                0x0000000008001c84                TIM1_UP_TIM10_IRQHandler
                0x0000000008001c84                TIM8_UP_TIM13_IRQHandler
                0x0000000008001c84                I2C3_ER_IRQHandler
                0x0000000008001c84                EXTI0_IRQHandler
                0x0000000008001c84                I2C2_EV_IRQHandler
                0x0000000008001c84                DMA1_Stream2_IRQHandler
                0x0000000008001c84                CAN1_RX0_IRQHandler
                0x0000000008001c84                FPU_IRQHandler
                0x0000000008001c84                OTG_HS_WKUP_IRQHandler
                0x0000000008001c84                CAN2_SCE_IRQHandler
                0x0000000008001c84                DMA2_Stream2_IRQHandler
                0x0000000008001c84                SPI1_IRQHandler
                0x0000000008001c84                TIM6_DAC_IRQHandler
                0x0000000008001c84                TIM1_BRK_TIM9_IRQHandler
                0x0000000008001c84                DCMI_IRQHandler
                0x0000000008001c84                CAN2_RX0_IRQHandler
                0x0000000008001c84                DMA2_Stream3_IRQHandler
                0x0000000008001c84                USART6_IRQHandler
                0x0000000008001c84                USART3_IRQHandler
                0x0000000008001c84                CAN1_RX1_IRQHandler
                0x0000000008001c84                UART5_IRQHandler
                0x0000000008001c84                DMA2_Stream0_IRQHandler
                0x0000000008001c84                TIM4_IRQHandler
                0x0000000008001c84                I2C1_EV_IRQHandler
                0x0000000008001c84                DMA1_Stream6_IRQHandler
                0x0000000008001c84                DMA1_Stream1_IRQHandler
                0x0000000008001c84                UART4_IRQHandler
                0x0000000008001c84                TIM3_IRQHandler
                0x0000000008001c84                RCC_IRQHandler
                0x0000000008001c84                TIM8_BRK_TIM12_IRQHandler
                0x0000000008001c84                Default_Handler
                0x0000000008001c84                EXTI15_10_IRQHandler
                0x0000000008001c84                ADC_IRQHandler
                0x0000000008001c84                DMA1_Stream7_IRQHandler
                0x0000000008001c84                TIM7_IRQHandler
                0x0000000008001c84                CAN2_TX_IRQHandler
                0x0000000008001c84                TIM5_IRQHandler
                0x0000000008001c84                DMA2_Stream7_IRQHandler
                0x0000000008001c84                I2C3_EV_IRQHandler
                0x0000000008001c84                EXTI9_5_IRQHandler
                0x0000000008001c84                ETH_WKUP_IRQHandler
                0x0000000008001c84                SPI2_IRQHandler
                0x0000000008001c84                OTG_HS_EP1_IN_IRQHandler
                0x0000000008001c84                DMA1_Stream0_IRQHandler
                0x0000000008001c84                CAN1_TX_IRQHandler
                0x0000000008001c84                EXTI4_IRQHandler
                0x0000000008001c84                FSMC_IRQHandler
                0x0000000008001c84                ETH_IRQHandler
                0x0000000008001c84                OTG_HS_EP1_OUT_IRQHandler
                0x0000000008001c84                WWDG_IRQHandler
                0x0000000008001c84                TIM2_IRQHandler
                0x0000000008001c84                OTG_FS_WKUP_IRQHandler
                0x0000000008001c84                TIM1_TRG_COM_TIM11_IRQHandler
                0x0000000008001c84                OTG_HS_IRQHandler
                0x0000000008001c84                EXTI1_IRQHandler
                0x0000000008001c84                USART2_IRQHandler
                0x0000000008001c84                I2C2_ER_IRQHandler
                0x0000000008001c84                DMA2_Stream1_IRQHandler
                0x0000000008001c84                CAN1_SCE_IRQHandler
                0x0000000008001c84                FLASH_IRQHandler
                0x0000000008001c84                DMA2_Stream4_IRQHandler
                0x0000000008001c84                USART1_IRQHandler
                0x0000000008001c84                OTG_FS_IRQHandler
                0x0000000008001c84                SPI3_IRQHandler
                0x0000000008001c84                DMA1_Stream4_IRQHandler
                0x0000000008001c84                I2C1_ER_IRQHandler
                0x0000000008001c84                DMA2_Stream6_IRQHandler
                0x0000000008001c84                DMA1_Stream3_IRQHandler
 *fill*         0x0000000008001c86        0x2 
 .text.__libc_init_array
                0x0000000008001c88       0x48 /usr/lib/gcc/arm-none-eabi/10.2.0/../../../../arm-none-eabi/lib/thumb/v7e-m+fp/hard/libc_nano.a(lib_a-init.o)
                0x0000000008001c88                __libc_init_array
 .text.memset   0x0000000008001cd0       0x10 /usr/lib/gcc/arm-none-eabi/10.2.0/../../../../arm-none-eabi/lib/thumb/v7e-m+fp/hard/libc_nano.a(lib_a-memset.o)
                0x0000000008001cd0                memset
 .text.sprintf  0x0000000008001ce0       0x40 /usr/lib/gcc/arm-none-eabi/10.2.0/../../../../arm-none-eabi/lib/thumb/v7e-m+fp/hard/libc_nano.a(lib_a-sprintf.o)
                0x0000000008001ce0                sprintf
                0x0000000008001ce0                siprintf
 .text.__ssputs_r
                0x0000000008001d20       0xb6 /usr/lib/gcc/arm-none-eabi/10.2.0/../../../../arm-none-eabi/lib/thumb/v7e-m+fp/hard/libc_nano.a(lib_a-nano-svfprintf.o)
                0x0000000008001d20                __ssputs_r
 *fill*         0x0000000008001dd6        0x2 
 .text._svfprintf_r
                0x0000000008001dd8      0x200 /usr/lib/gcc/arm-none-eabi/10.2.0/../../../../arm-none-eabi/lib/thumb/v7e-m+fp/hard/libc_nano.a(lib_a-nano-svfprintf.o)
                0x0000000008001dd8                _svfprintf_r
                0x0000000008001dd8                _svfiprintf_r
 .text._printf_common
                0x0000000008001fd8       0xda /usr/lib/gcc/arm-none-eabi/10.2.0/../../../../arm-none-eabi/lib/thumb/v7e-m+fp/hard/libc_nano.a(lib_a-nano-vfprintf_i.o)
                0x0000000008001fd8                _printf_common
 *fill*         0x00000000080020b2        0x2 
 .text._printf_i
                0x00000000080020b4      0x24c /usr/lib/gcc/arm-none-eabi/10.2.0/../../../../arm-none-eabi/lib/thumb/v7e-m+fp/hard/libc_nano.a(lib_a-nano-vfprintf_i.o)
                0x00000000080020b4                _printf_i
 .text.memcpy   0x0000000008002300       0x1c /usr/lib/gcc/arm-none-eabi/10.2.0/../../../../arm-none-eabi/lib/thumb/v7e-m+fp/hard/libc_nano.a(lib_a-memcpy-stub.o)
                0x0000000008002300                memcpy
 .text.memmove  0x000000000800231c       0x34 /usr/lib/gcc/arm-none-eabi/10.2.0/../../../../arm-none-eabi/lib/thumb/v7e-m+fp/hard/libc_nano.a(lib_a-memmove.o)
                0x000000000800231c                memmove
 .text._free_r  0x0000000008002350       0x98 /usr/lib/gcc/arm-none-eabi/10.2.0/../../../../arm-none-eabi/lib/thumb/v7e-m+fp/hard/libc_nano.a(lib_a-nano-freer.o)
                0x0000000008002350                _free_r
 .text._malloc_r
                0x00000000080023e8       0xb4 /usr/lib/gcc/arm-none-eabi/10.2.0/../../../../arm-none-eabi/lib/thumb/v7e-m+fp/hard/libc_nano.a(lib_a-nano-mallocr.o)
                0x00000000080023e8                _malloc_r
 .text._realloc_r
                0x000000000800249c       0x5e /usr/lib/gcc/arm-none-eabi/10.2.0/../../../../arm-none-eabi/lib/thumb/v7e-m+fp/hard/libc_nano.a(lib_a-nano-reallocr.o)
                0x000000000800249c                _realloc_r
 *fill*         0x00000000080024fa        0x2 
 .text._sbrk_r  0x00000000080024fc       0x20 /usr/lib/gcc/arm-none-eabi/10.2.0/../../../../arm-none-eabi/lib/thumb/v7e-m+fp/hard/libc_nano.a(lib_a-sbrkr.o)
                0x00000000080024fc                _sbrk_r
 .text.__malloc_lock
                0x000000000800251c        0x2 /usr/lib/gcc/arm-none-eabi/10.2.0/../../../../arm-none-eabi/lib/thumb/v7e-m+fp/hard/libc_nano.a(lib_a-mlock.o)
                0x000000000800251c                __malloc_lock
 .text.__malloc_unlock
                0x000000000800251e        0x2 /usr/lib/gcc/arm-none-eabi/10.2.0/../../../../arm-none-eabi/lib/thumb/v7e-m+fp/hard/libc_nano.a(lib_a-mlock.o)
                0x000000000800251e                __malloc_unlock
 .text._malloc_usable_size_r
                0x0000000008002520       0x10 /usr/lib/gcc/arm-none-eabi/10.2.0/../../../../arm-none-eabi/lib/thumb/v7e-m+fp/hard/libc_nano.a(lib_a-nano-msizer.o)
                0x0000000008002520                _malloc_usable_size_r
 .text._sbrk    0x0000000008002530       0x1c /usr/lib/gcc/arm-none-eabi/10.2.0/../../../../arm-none-eabi/lib/thumb/v7e-m+fp/hard/libnosys.a(sbrk.o)
                0x0000000008002530                _sbrk
 *(.glue_7)
 .glue_7        0x000000000800254c        0x0 linker stubs
 *(.glue_7t)
 .glue_7t       0x000000000800254c        0x0 linker stubs
 *(.eh_frame)
 .eh_frame      0x000000000800254c        0x0 /usr/lib/gcc/arm-none-eabi/10.2.0/thumb/v7e-m+fp/hard/crtbegin.o
 *(.init)
 .init          0x000000000800254c        0x4 /usr/lib/gcc/arm-none-eabi/10.2.0/thumb/v7e-m+fp/hard/crti.o
                0x000000000800254c                _init
 .init          0x0000000008002550        0x8 /usr/lib/gcc/arm-none-eabi/10.2.0/thumb/v7e-m+fp/hard/crtn.o
 *(.fini)
 .fini          0x0000000008002558        0x4 /usr/lib/gcc/arm-none-eabi/10.2.0/thumb/v7e-m+fp/hard/crti.o
                0x0000000008002558                _fini
 .fini          0x000000000800255c        0x8 /usr/lib/gcc/arm-none-eabi/10.2.0/thumb/v7e-m+fp/hard/crtn.o
                0x0000000008002564                . = ALIGN (0x4)
                0x0000000008002564                _etext = .

.vfp11_veneer   0x0000000008002564        0x0
 .vfp11_veneer  0x0000000008002564        0x0 linker stubs

.v4_bx          0x0000000008002564        0x0
 .v4_bx         0x0000000008002564        0x0 linker stubs

.iplt           0x0000000008002564        0x0
 .iplt          0x0000000008002564        0x0 /usr/lib/gcc/arm-none-eabi/10.2.0/thumb/v7e-m+fp/hard/crtbegin.o

.rodata         0x0000000008002564       0x5c
                0x0000000008002564                . = ALIGN (0x4)
 *(.rodata)
 *(.rodata*)
 .rodata.HAL_RTCEx_WakeUpTimerEventCallback.str1.4
                0x0000000008002564       0x10 build/main.o
 .rodata.AHBPrescTable
                0x0000000008002574       0x10 build/system_stm32f4xx.o
                0x0000000008002574                AHBPrescTable
 .rodata.APBPrescTable
                0x0000000008002584        0x8 build/system_stm32f4xx.o
                0x0000000008002584                APBPrescTable
 .rodata._svfprintf_r.str1.1
                0x000000000800258c       0x11 /usr/lib/gcc/arm-none-eabi/10.2.0/../../../../arm-none-eabi/lib/thumb/v7e-m+fp/hard/libc_nano.a(lib_a-nano-svfprintf.o)
 .rodata._printf_i.str1.1
                0x000000000800259d       0x22 /usr/lib/gcc/arm-none-eabi/10.2.0/../../../../arm-none-eabi/lib/thumb/v7e-m+fp/hard/libc_nano.a(lib_a-nano-vfprintf_i.o)
                0x00000000080025c0                . = ALIGN (0x4)
 *fill*         0x00000000080025bf        0x1 

.ARM.extab
 *(.ARM.extab* .gnu.linkonce.armextab.*)

.ARM            0x00000000080025c0        0x8
                0x00000000080025c0                __exidx_start = .
 *(.ARM.exidx*)
 .ARM.exidx     0x00000000080025c0        0x8 /usr/lib/gcc/arm-none-eabi/10.2.0/thumb/v7e-m+fp/hard/libgcc.a(_udivmoddi4.o)
                0x00000000080025c8                __exidx_end = .

.rel.dyn        0x00000000080025c8        0x0
 .rel.iplt      0x00000000080025c8        0x0 /usr/lib/gcc/arm-none-eabi/10.2.0/thumb/v7e-m+fp/hard/crtbegin.o

.preinit_array  0x00000000080025c8        0x0
                0x00000000080025c8                PROVIDE (__preinit_array_start = .)
 *(.preinit_array*)
                0x00000000080025c8                PROVIDE (__preinit_array_end = .)

.init_array     0x00000000080025c8        0x4
                0x00000000080025c8                PROVIDE (__init_array_start = .)
 *(SORT_BY_NAME(.init_array.*))
 *(.init_array*)
 .init_array    0x00000000080025c8        0x4 /usr/lib/gcc/arm-none-eabi/10.2.0/thumb/v7e-m+fp/hard/crtbegin.o
                0x00000000080025cc                PROVIDE (__init_array_end = .)

.fini_array     0x00000000080025cc        0x4
                0x00000000080025cc                PROVIDE (__fini_array_start = .)
 *(SORT_BY_NAME(.fini_array.*))
 *(.fini_array*)
 .fini_array    0x00000000080025cc        0x4 /usr/lib/gcc/arm-none-eabi/10.2.0/thumb/v7e-m+fp/hard/crtbegin.o
                0x00000000080025d0                PROVIDE (__fini_array_end = .)
                0x00000000080025d0                _sidata = LOADADDR (.data)

.data           0x0000000020000000       0x70 load address 0x00000000080025d0
                0x0000000020000000                . = ALIGN (0x4)
                0x0000000020000000                _sdata = .
 *(.data)
 *(.data*)
 .data.uwTickFreq
                0x0000000020000000        0x1 build/stm32f4xx_hal.o
                0x0000000020000000                uwTickFreq
 *fill*         0x0000000020000001        0x3 
 .data.uwTickPrio
                0x0000000020000004        0x4 build/stm32f4xx_hal.o
                0x0000000020000004                uwTickPrio
 .data.SystemCoreClock
                0x0000000020000008        0x4 build/system_stm32f4xx.o
                0x0000000020000008                SystemCoreClock
 .data._impure_ptr
                0x000000002000000c        0x4 /usr/lib/gcc/arm-none-eabi/10.2.0/../../../../arm-none-eabi/lib/thumb/v7e-m+fp/hard/libc_nano.a(lib_a-impure.o)
                0x000000002000000c                _impure_ptr
 .data.impure_data
                0x0000000020000010       0x60 /usr/lib/gcc/arm-none-eabi/10.2.0/../../../../arm-none-eabi/lib/thumb/v7e-m+fp/hard/libc_nano.a(lib_a-impure.o)
                0x0000000020000070                . = ALIGN (0x4)
                0x0000000020000070                _edata = .
                0x0000000008002640                _siccmram = LOADADDR (.ccmram)

.tm_clone_table
                0x0000000020000070        0x0 load address 0x0000000008002640
 .tm_clone_table
                0x0000000020000070        0x0 /usr/lib/gcc/arm-none-eabi/10.2.0/thumb/v7e-m+fp/hard/crtbegin.o
 .tm_clone_table
                0x0000000020000070        0x0 /usr/lib/gcc/arm-none-eabi/10.2.0/thumb/v7e-m+fp/hard/crtend.o

.igot.plt       0x0000000020000070        0x0 load address 0x0000000008002640
 .igot.plt      0x0000000020000070        0x0 /usr/lib/gcc/arm-none-eabi/10.2.0/thumb/v7e-m+fp/hard/crtbegin.o

.ccmram         0x0000000010000000        0x0 load address 0x0000000008002640
                0x0000000010000000                . = ALIGN (0x4)
                0x0000000010000000                _sccmram = .
 *(.ccmram)
 *(.ccmram*)
                0x0000000010000000                . = ALIGN (0x4)
                0x0000000010000000                _eccmram = .
                0x0000000010000000                . = ALIGN (0x4)

.bss            0x0000000020000070       0x98
                0x0000000020000070                _sbss = .
                0x0000000020000070                __bss_start__ = _sbss
 *(.bss)
 .bss           0x0000000020000070       0x1c /usr/lib/gcc/arm-none-eabi/10.2.0/thumb/v7e-m+fp/hard/crtbegin.o
 *(.bss*)
 .bss.counter.0
                0x000000002000008c        0x4 build/main.o
 .bss.hrtc      0x0000000020000090       0x20 build/main.o
                0x0000000020000090                hrtc
 .bss.huart3    0x00000000200000b0       0x44 build/main.o
                0x00000000200000b0                huart3
 .bss.uwTick    0x00000000200000f4        0x4 build/stm32f4xx_hal.o
                0x00000000200000f4                uwTick
 .bss.__malloc_free_list
                0x00000000200000f8        0x4 /usr/lib/gcc/arm-none-eabi/10.2.0/../../../../arm-none-eabi/lib/thumb/v7e-m+fp/hard/libc_nano.a(lib_a-nano-mallocr.o)
                0x00000000200000f8                __malloc_free_list
 .bss.__malloc_sbrk_start
                0x00000000200000fc        0x4 /usr/lib/gcc/arm-none-eabi/10.2.0/../../../../arm-none-eabi/lib/thumb/v7e-m+fp/hard/libc_nano.a(lib_a-nano-mallocr.o)
                0x00000000200000fc                __malloc_sbrk_start
 .bss.errno     0x0000000020000100        0x4 /usr/lib/gcc/arm-none-eabi/10.2.0/../../../../arm-none-eabi/lib/thumb/v7e-m+fp/hard/libc_nano.a(lib_a-reent.o)
                0x0000000020000100                errno
 .bss.heap_end.0
                0x0000000020000104        0x4 /usr/lib/gcc/arm-none-eabi/10.2.0/../../../../arm-none-eabi/lib/thumb/v7e-m+fp/hard/libnosys.a(sbrk.o)
 *(COMMON)
                0x0000000020000108                . = ALIGN (0x4)
                0x0000000020000108                _ebss = .
                0x0000000020000108                __bss_end__ = _ebss

._user_heap_stack
                0x0000000020000108      0x600
                0x0000000020000108                . = ALIGN (0x8)
                0x0000000020000108                PROVIDE (end = .)
                [!provide]                        PROVIDE (_end = .)
                0x0000000020000308                . = (. + _Min_Heap_Size)
 *fill*         0x0000000020000108      0x200 
                0x0000000020000708                . = (. + _Min_Stack_Size)
 *fill*         0x0000000020000308      0x400 
                0x0000000020000708                . = ALIGN (0x8)

/DISCARD/
 libc.a(*)
 libm.a(*)
 libgcc.a(*)

.ARM.attributes
                0x0000000000000000       0x30
 *(.ARM.attributes)
 .ARM.attributes
                0x0000000000000000       0x1e /usr/lib/gcc/arm-none-eabi/10.2.0/thumb/v7e-m+fp/hard/crti.o
 .ARM.attributes
                0x000000000000001e       0x34 /usr/lib/gcc/arm-none-eabi/10.2.0/thumb/v7e-m+fp/hard/crtbegin.o
 .ARM.attributes
                0x0000000000000052       0x34 build/main.o
 .ARM.attributes
                0x0000000000000086       0x34 build/stm32f4xx_it.o
 .ARM.attributes
                0x00000000000000ba       0x34 build/stm32f4xx_hal_msp.o
 .ARM.attributes
                0x00000000000000ee       0x34 build/stm32f4xx_hal_rtc.o
 .ARM.attributes
                0x0000000000000122       0x34 build/stm32f4xx_hal_rtc_ex.o
 .ARM.attributes
                0x0000000000000156       0x34 build/stm32f4xx_hal_rcc.o
 .ARM.attributes
                0x000000000000018a       0x34 build/stm32f4xx_hal_rcc_ex.o
 .ARM.attributes
                0x00000000000001be       0x34 build/stm32f4xx_hal_gpio.o
 .ARM.attributes
                0x00000000000001f2       0x34 build/stm32f4xx_hal_cortex.o
 .ARM.attributes
                0x0000000000000226       0x34 build/stm32f4xx_hal.o
 .ARM.attributes
                0x000000000000025a       0x34 build/system_stm32f4xx.o
 .ARM.attributes
                0x000000000000028e       0x34 build/stm32f4xx_hal_uart.o
 .ARM.attributes
                0x00000000000002c2       0x21 build/startup_stm32f407xx.o
 .ARM.attributes
                0x00000000000002e3       0x32 /usr/lib/gcc/arm-none-eabi/10.2.0/../../../../arm-none-eabi/lib/thumb/v7e-m+fp/hard/libc_nano.a(lib_a-impure.o)
 .ARM.attributes
                0x0000000000000315       0x34 /usr/lib/gcc/arm-none-eabi/10.2.0/../../../../arm-none-eabi/lib/thumb/v7e-m+fp/hard/libc_nano.a(lib_a-init.o)
 .ARM.attributes
                0x0000000000000349       0x34 /usr/lib/gcc/arm-none-eabi/10.2.0/../../../../arm-none-eabi/lib/thumb/v7e-m+fp/hard/libc_nano.a(lib_a-memset.o)
 .ARM.attributes
                0x000000000000037d       0x34 /usr/lib/gcc/arm-none-eabi/10.2.0/../../../../arm-none-eabi/lib/thumb/v7e-m+fp/hard/libc_nano.a(lib_a-sprintf.o)
 .ARM.attributes
                0x00000000000003b1       0x34 /usr/lib/gcc/arm-none-eabi/10.2.0/../../../../arm-none-eabi/lib/thumb/v7e-m+fp/hard/libc_nano.a(lib_a-nano-svfprintf.o)
 .ARM.attributes
                0x00000000000003e5       0x34 /usr/lib/gcc/arm-none-eabi/10.2.0/../../../../arm-none-eabi/lib/thumb/v7e-m+fp/hard/libc_nano.a(lib_a-nano-vfprintf_i.o)
 .ARM.attributes
                0x0000000000000419       0x1c /usr/lib/gcc/arm-none-eabi/10.2.0/../../../../arm-none-eabi/lib/thumb/v7e-m+fp/hard/libc_nano.a(lib_a-memchr.o)
 .ARM.attributes
                0x0000000000000435       0x34 /usr/lib/gcc/arm-none-eabi/10.2.0/../../../../arm-none-eabi/lib/thumb/v7e-m+fp/hard/libc_nano.a(lib_a-memcpy-stub.o)
 .ARM.attributes
                0x0000000000000469       0x34 /usr/lib/gcc/arm-none-eabi/10.2.0/../../../../arm-none-eabi/lib/thumb/v7e-m+fp/hard/libc_nano.a(lib_a-memmove.o)
 .ARM.attributes
                0x000000000000049d       0x34 /usr/lib/gcc/arm-none-eabi/10.2.0/../../../../arm-none-eabi/lib/thumb/v7e-m+fp/hard/libc_nano.a(lib_a-nano-freer.o)
 .ARM.attributes
                0x00000000000004d1       0x34 /usr/lib/gcc/arm-none-eabi/10.2.0/../../../../arm-none-eabi/lib/thumb/v7e-m+fp/hard/libc_nano.a(lib_a-nano-mallocr.o)
 .ARM.attributes
                0x0000000000000505       0x34 /usr/lib/gcc/arm-none-eabi/10.2.0/../../../../arm-none-eabi/lib/thumb/v7e-m+fp/hard/libc_nano.a(lib_a-nano-reallocr.o)
 .ARM.attributes
                0x0000000000000539       0x34 /usr/lib/gcc/arm-none-eabi/10.2.0/../../../../arm-none-eabi/lib/thumb/v7e-m+fp/hard/libc_nano.a(lib_a-sbrkr.o)
 .ARM.attributes
                0x000000000000056d       0x34 /usr/lib/gcc/arm-none-eabi/10.2.0/../../../../arm-none-eabi/lib/thumb/v7e-m+fp/hard/libc_nano.a(lib_a-mlock.o)
 .ARM.attributes
                0x00000000000005a1       0x34 /usr/lib/gcc/arm-none-eabi/10.2.0/../../../../arm-none-eabi/lib/thumb/v7e-m+fp/hard/libc_nano.a(lib_a-nano-msizer.o)
 .ARM.attributes
                0x00000000000005d5       0x34 /usr/lib/gcc/arm-none-eabi/10.2.0/../../../../arm-none-eabi/lib/thumb/v7e-m+fp/hard/libc_nano.a(lib_a-reent.o)
 .ARM.attributes
                0x0000000000000609       0x34 /usr/lib/gcc/arm-none-eabi/10.2.0/../../../../arm-none-eabi/lib/thumb/v7e-m+fp/hard/libnosys.a(sbrk.o)
 .ARM.attributes
                0x000000000000063d       0x1e /usr/lib/gcc/arm-none-eabi/10.2.0/thumb/v7e-m+fp/hard/libgcc.a(_aeabi_uldivmod.o)
 .ARM.attributes
                0x000000000000065b       0x34 /usr/lib/gcc/arm-none-eabi/10.2.0/thumb/v7e-m+fp/hard/libgcc.a(_udivmoddi4.o)
 .ARM.attributes
                0x000000000000068f       0x1e /usr/lib/gcc/arm-none-eabi/10.2.0/thumb/v7e-m+fp/hard/libgcc.a(_dvmd_tls.o)
 .ARM.attributes
                0x00000000000006ad       0x32 /usr/lib/gcc/arm-none-eabi/10.2.0/thumb/v7e-m+fp/hard/crtend.o
 .ARM.attributes
                0x00000000000006df       0x1e /usr/lib/gcc/arm-none-eabi/10.2.0/thumb/v7e-m+fp/hard/crtn.o
OUTPUT(build/test-f407vg.elf elf32-littlearm)
LOAD linker stubs
LOAD /usr/lib/gcc/arm-none-eabi/10.2.0/../../../../arm-none-eabi/lib/thumb/v7e-m+fp/hard/libc.a
LOAD /usr/lib/gcc/arm-none-eabi/10.2.0/../../../../arm-none-eabi/lib/thumb/v7e-m+fp/hard/libm.a
LOAD /usr/lib/gcc/arm-none-eabi/10.2.0/thumb/v7e-m+fp/hard/libgcc.a

.comment        0x0000000000000000       0x46
 .comment       0x0000000000000000       0x23 /usr/lib/gcc/arm-none-eabi/10.2.0/thumb/v7e-m+fp/hard/crtbegin.o
                                         0x24 (size before relaxing)
 .comment       0x0000000000000023       0x24 build/main.o
 .comment       0x0000000000000023       0x24 build/stm32f4xx_it.o
 .comment       0x0000000000000023       0x24 build/stm32f4xx_hal_msp.o
 .comment       0x0000000000000023       0x24 build/stm32f4xx_hal_rtc.o
 .comment       0x0000000000000023       0x24 build/stm32f4xx_hal_rtc_ex.o
 .comment       0x0000000000000023       0x24 build/stm32f4xx_hal_rcc.o
 .comment       0x0000000000000023       0x24 build/stm32f4xx_hal_rcc_ex.o
 .comment       0x0000000000000023       0x24 build/stm32f4xx_hal_gpio.o
 .comment       0x0000000000000023       0x24 build/stm32f4xx_hal_cortex.o
 .comment       0x0000000000000023       0x24 build/stm32f4xx_hal.o
 .comment       0x0000000000000023       0x24 build/system_stm32f4xx.o
 .comment       0x0000000000000023       0x24 build/stm32f4xx_hal_uart.o
 .comment       0x0000000000000023       0x23 /usr/lib/gcc/arm-none-eabi/10.2.0/../../../../arm-none-eabi/lib/thumb/v7e-m+fp/hard/libc_nano.a(lib_a-impure.o)
                                         0x24 (size before relaxing)
 .comment       0x0000000000000046       0x24 /usr/lib/gcc/arm-none-eabi/10.2.0/../../../../arm-none-eabi/lib/thumb/v7e-m+fp/hard/libc_nano.a(lib_a-init.o)
 .comment       0x0000000000000046       0x24 /usr/lib/gcc/arm-none-eabi/10.2.0/../../../../arm-none-eabi/lib/thumb/v7e-m+fp/hard/libc_nano.a(lib_a-memset.o)
 .comment       0x0000000000000046       0x24 /usr/lib/gcc/arm-none-eabi/10.2.0/../../../../arm-none-eabi/lib/thumb/v7e-m+fp/hard/libc_nano.a(lib_a-sprintf.o)
 .comment       0x0000000000000046       0x24 /usr/lib/gcc/arm-none-eabi/10.2.0/../../../../arm-none-eabi/lib/thumb/v7e-m+fp/hard/libc_nano.a(lib_a-nano-svfprintf.o)
 .comment       0x0000000000000046       0x24 /usr/lib/gcc/arm-none-eabi/10.2.0/../../../../arm-none-eabi/lib/thumb/v7e-m+fp/hard/libc_nano.a(lib_a-nano-vfprintf_i.o)
 .comment       0x0000000000000046       0x24 /usr/lib/gcc/arm-none-eabi/10.2.0/../../../../arm-none-eabi/lib/thumb/v7e-m+fp/hard/libc_nano.a(lib_a-memcpy-stub.o)
 .comment       0x0000000000000046       0x24 /usr/lib/gcc/arm-none-eabi/10.2.0/../../../../arm-none-eabi/lib/thumb/v7e-m+fp/hard/libc_nano.a(lib_a-memmove.o)
 .comment       0x0000000000000046       0x24 /usr/lib/gcc/arm-none-eabi/10.2.0/../../../../arm-none-eabi/lib/thumb/v7e-m+fp/hard/libc_nano.a(lib_a-nano-freer.o)
 .comment       0x0000000000000046       0x24 /usr/lib/gcc/arm-none-eabi/10.2.0/../../../../arm-none-eabi/lib/thumb/v7e-m+fp/hard/libc_nano.a(lib_a-nano-mallocr.o)
 .comment       0x0000000000000046       0x24 /usr/lib/gcc/arm-none-eabi/10.2.0/../../../../arm-none-eabi/lib/thumb/v7e-m+fp/hard/libc_nano.a(lib_a-nano-reallocr.o)
 .comment       0x0000000000000046       0x24 /usr/lib/gcc/arm-none-eabi/10.2.0/../../../../arm-none-eabi/lib/thumb/v7e-m+fp/hard/libc_nano.a(lib_a-sbrkr.o)
 .comment       0x0000000000000046       0x24 /usr/lib/gcc/arm-none-eabi/10.2.0/../../../../arm-none-eabi/lib/thumb/v7e-m+fp/hard/libc_nano.a(lib_a-mlock.o)
 .comment       0x0000000000000046       0x24 /usr/lib/gcc/arm-none-eabi/10.2.0/../../../../arm-none-eabi/lib/thumb/v7e-m+fp/hard/libc_nano.a(lib_a-nano-msizer.o)
 .comment       0x0000000000000046       0x24 /usr/lib/gcc/arm-none-eabi/10.2.0/../../../../arm-none-eabi/lib/thumb/v7e-m+fp/hard/libc_nano.a(lib_a-reent.o)
 .comment       0x0000000000000046       0x24 /usr/lib/gcc/arm-none-eabi/10.2.0/../../../../arm-none-eabi/lib/thumb/v7e-m+fp/hard/libnosys.a(sbrk.o)
 .comment       0x0000000000000046       0x24 /usr/lib/gcc/arm-none-eabi/10.2.0/thumb/v7e-m+fp/hard/libgcc.a(_udivmoddi4.o)
 .comment       0x0000000000000046       0x24 /usr/lib/gcc/arm-none-eabi/10.2.0/thumb/v7e-m+fp/hard/crtend.o

.debug_info     0x0000000000000000    0x129bf
 .debug_info    0x0000000000000000     0x193a build/main.o
 .debug_info    0x000000000000193a      0x583 build/stm32f4xx_it.o
 .debug_info    0x0000000000001ebd     0x111c build/stm32f4xx_hal_msp.o
 .debug_info    0x0000000000002fd9     0x1126 build/stm32f4xx_hal_rtc.o
 .debug_info    0x00000000000040ff     0x136a build/stm32f4xx_hal_rtc_ex.o
 .debug_info    0x0000000000005469      0xbe6 build/stm32f4xx_hal_rcc.o
 .debug_info    0x000000000000604f      0x6f8 build/stm32f4xx_hal_rcc_ex.o
 .debug_info    0x0000000000006747      0x848 build/stm32f4xx_hal_gpio.o
 .debug_info    0x0000000000006f8f     0x1174 build/stm32f4xx_hal_cortex.o
 .debug_info    0x0000000000008103      0xacf build/stm32f4xx_hal.o
 .debug_info    0x0000000000008bd2      0x5b3 build/system_stm32f4xx.o
 .debug_info    0x0000000000009185     0x1e89 build/stm32f4xx_hal_uart.o
 .debug_info    0x000000000000b00e       0x22 build/startup_stm32f407xx.o
 .debug_info    0x000000000000b030      0x863 /usr/lib/gcc/arm-none-eabi/10.2.0/../../../../arm-none-eabi/lib/thumb/v7e-m+fp/hard/libc_nano.a(lib_a-impure.o)
 .debug_info    0x000000000000b893      0x11a /usr/lib/gcc/arm-none-eabi/10.2.0/../../../../arm-none-eabi/lib/thumb/v7e-m+fp/hard/libc_nano.a(lib_a-init.o)
 .debug_info    0x000000000000b9ad       0xe1 /usr/lib/gcc/arm-none-eabi/10.2.0/../../../../arm-none-eabi/lib/thumb/v7e-m+fp/hard/libc_nano.a(lib_a-memset.o)
 .debug_info    0x000000000000ba8e      0x926 /usr/lib/gcc/arm-none-eabi/10.2.0/../../../../arm-none-eabi/lib/thumb/v7e-m+fp/hard/libc_nano.a(lib_a-sprintf.o)
 .debug_info    0x000000000000c3b4     0x10e1 /usr/lib/gcc/arm-none-eabi/10.2.0/../../../../arm-none-eabi/lib/thumb/v7e-m+fp/hard/libc_nano.a(lib_a-nano-svfprintf.o)
 .debug_info    0x000000000000d495      0xe9f /usr/lib/gcc/arm-none-eabi/10.2.0/../../../../arm-none-eabi/lib/thumb/v7e-m+fp/hard/libc_nano.a(lib_a-nano-vfprintf_i.o)
 .debug_info    0x000000000000e334       0x26 /usr/lib/gcc/arm-none-eabi/10.2.0/../../../../arm-none-eabi/lib/thumb/v7e-m+fp/hard/libc_nano.a(lib_a-memchr.o)
 .debug_info    0x000000000000e35a      0x128 /usr/lib/gcc/arm-none-eabi/10.2.0/../../../../arm-none-eabi/lib/thumb/v7e-m+fp/hard/libc_nano.a(lib_a-memcpy-stub.o)
 .debug_info    0x000000000000e482      0x115 /usr/lib/gcc/arm-none-eabi/10.2.0/../../../../arm-none-eabi/lib/thumb/v7e-m+fp/hard/libc_nano.a(lib_a-memmove.o)
 .debug_info    0x000000000000e597      0x8fa /usr/lib/gcc/arm-none-eabi/10.2.0/../../../../arm-none-eabi/lib/thumb/v7e-m+fp/hard/libc_nano.a(lib_a-nano-freer.o)
 .debug_info    0x000000000000ee91      0xa37 /usr/lib/gcc/arm-none-eabi/10.2.0/../../../../arm-none-eabi/lib/thumb/v7e-m+fp/hard/libc_nano.a(lib_a-nano-mallocr.o)
 .debug_info    0x000000000000f8c8      0x930 /usr/lib/gcc/arm-none-eabi/10.2.0/../../../../arm-none-eabi/lib/thumb/v7e-m+fp/hard/libc_nano.a(lib_a-nano-reallocr.o)
 .debug_info    0x00000000000101f8      0x828 /usr/lib/gcc/arm-none-eabi/10.2.0/../../../../arm-none-eabi/lib/thumb/v7e-m+fp/hard/libc_nano.a(lib_a-sbrkr.o)
 .debug_info    0x0000000000010a20      0x7dc /usr/lib/gcc/arm-none-eabi/10.2.0/../../../../arm-none-eabi/lib/thumb/v7e-m+fp/hard/libc_nano.a(lib_a-mlock.o)
 .debug_info    0x00000000000111fc      0x840 /usr/lib/gcc/arm-none-eabi/10.2.0/../../../../arm-none-eabi/lib/thumb/v7e-m+fp/hard/libc_nano.a(lib_a-nano-msizer.o)
 .debug_info    0x0000000000011a3c      0x987 /usr/lib/gcc/arm-none-eabi/10.2.0/../../../../arm-none-eabi/lib/thumb/v7e-m+fp/hard/libc_nano.a(lib_a-reent.o)
 .debug_info    0x00000000000123c3       0x9d /usr/lib/gcc/arm-none-eabi/10.2.0/../../../../arm-none-eabi/lib/thumb/v7e-m+fp/hard/libnosys.a(sbrk.o)
 .debug_info    0x0000000000012460       0x26 /usr/lib/gcc/arm-none-eabi/10.2.0/thumb/v7e-m+fp/hard/libgcc.a(_aeabi_uldivmod.o)
 .debug_info    0x0000000000012486      0x513 /usr/lib/gcc/arm-none-eabi/10.2.0/thumb/v7e-m+fp/hard/libgcc.a(_udivmoddi4.o)
 .debug_info    0x0000000000012999       0x26 /usr/lib/gcc/arm-none-eabi/10.2.0/thumb/v7e-m+fp/hard/libgcc.a(_dvmd_tls.o)

.debug_abbrev   0x0000000000000000     0x360b
 .debug_abbrev  0x0000000000000000      0x33a build/main.o
 .debug_abbrev  0x000000000000033a      0x143 build/stm32f4xx_it.o
 .debug_abbrev  0x000000000000047d      0x1bc build/stm32f4xx_hal_msp.o
 .debug_abbrev  0x0000000000000639      0x23e build/stm32f4xx_hal_rtc.o
 .debug_abbrev  0x0000000000000877      0x252 build/stm32f4xx_hal_rtc_ex.o
 .debug_abbrev  0x0000000000000ac9      0x2aa build/stm32f4xx_hal_rcc.o
 .debug_abbrev  0x0000000000000d73      0x1a1 build/stm32f4xx_hal_rcc_ex.o
 .debug_abbrev  0x0000000000000f14      0x22b build/stm32f4xx_hal_gpio.o
 .debug_abbrev  0x000000000000113f      0x382 build/stm32f4xx_hal_cortex.o
 .debug_abbrev  0x00000000000014c1      0x209 build/stm32f4xx_hal.o
 .debug_abbrev  0x00000000000016ca      0x11b build/system_stm32f4xx.o
 .debug_abbrev  0x00000000000017e5      0x2cd build/stm32f4xx_hal_uart.o
 .debug_abbrev  0x0000000000001ab2       0x12 build/startup_stm32f407xx.o
 .debug_abbrev  0x0000000000001ac4      0x151 /usr/lib/gcc/arm-none-eabi/10.2.0/../../../../arm-none-eabi/lib/thumb/v7e-m+fp/hard/libc_nano.a(lib_a-impure.o)
 .debug_abbrev  0x0000000000001c15       0xcc /usr/lib/gcc/arm-none-eabi/10.2.0/../../../../arm-none-eabi/lib/thumb/v7e-m+fp/hard/libc_nano.a(lib_a-init.o)
 .debug_abbrev  0x0000000000001ce1       0x9e /usr/lib/gcc/arm-none-eabi/10.2.0/../../../../arm-none-eabi/lib/thumb/v7e-m+fp/hard/libc_nano.a(lib_a-memset.o)
 .debug_abbrev  0x0000000000001d7f      0x213 /usr/lib/gcc/arm-none-eabi/10.2.0/../../../../arm-none-eabi/lib/thumb/v7e-m+fp/hard/libc_nano.a(lib_a-sprintf.o)
 .debug_abbrev  0x0000000000001f92      0x2ca /usr/lib/gcc/arm-none-eabi/10.2.0/../../../../arm-none-eabi/lib/thumb/v7e-m+fp/hard/libc_nano.a(lib_a-nano-svfprintf.o)
 .debug_abbrev  0x000000000000225c      0x25b /usr/lib/gcc/arm-none-eabi/10.2.0/../../../../arm-none-eabi/lib/thumb/v7e-m+fp/hard/libc_nano.a(lib_a-nano-vfprintf_i.o)
 .debug_abbrev  0x00000000000024b7       0x14 /usr/lib/gcc/arm-none-eabi/10.2.0/../../../../arm-none-eabi/lib/thumb/v7e-m+fp/hard/libc_nano.a(lib_a-memchr.o)
 .debug_abbrev  0x00000000000024cb       0xbe /usr/lib/gcc/arm-none-eabi/10.2.0/../../../../arm-none-eabi/lib/thumb/v7e-m+fp/hard/libc_nano.a(lib_a-memcpy-stub.o)
 .debug_abbrev  0x0000000000002589       0xaa /usr/lib/gcc/arm-none-eabi/10.2.0/../../../../arm-none-eabi/lib/thumb/v7e-m+fp/hard/libc_nano.a(lib_a-memmove.o)
 .debug_abbrev  0x0000000000002633      0x235 /usr/lib/gcc/arm-none-eabi/10.2.0/../../../../arm-none-eabi/lib/thumb/v7e-m+fp/hard/libc_nano.a(lib_a-nano-freer.o)
 .debug_abbrev  0x0000000000002868      0x29b /usr/lib/gcc/arm-none-eabi/10.2.0/../../../../arm-none-eabi/lib/thumb/v7e-m+fp/hard/libc_nano.a(lib_a-nano-mallocr.o)
 .debug_abbrev  0x0000000000002b03      0x1f7 /usr/lib/gcc/arm-none-eabi/10.2.0/../../../../arm-none-eabi/lib/thumb/v7e-m+fp/hard/libc_nano.a(lib_a-nano-reallocr.o)
 .debug_abbrev  0x0000000000002cfa      0x1d6 /usr/lib/gcc/arm-none-eabi/10.2.0/../../../../arm-none-eabi/lib/thumb/v7e-m+fp/hard/libc_nano.a(lib_a-sbrkr.o)
 .debug_abbrev  0x0000000000002ed0      0x189 /usr/lib/gcc/arm-none-eabi/10.2.0/../../../../arm-none-eabi/lib/thumb/v7e-m+fp/hard/libc_nano.a(lib_a-mlock.o)
 .debug_abbrev  0x0000000000003059      0x191 /usr/lib/gcc/arm-none-eabi/10.2.0/../../../../arm-none-eabi/lib/thumb/v7e-m+fp/hard/libc_nano.a(lib_a-nano-msizer.o)
 .debug_abbrev  0x00000000000031ea      0x235 /usr/lib/gcc/arm-none-eabi/10.2.0/../../../../arm-none-eabi/lib/thumb/v7e-m+fp/hard/libc_nano.a(lib_a-reent.o)
 .debug_abbrev  0x000000000000341f       0xa2 /usr/lib/gcc/arm-none-eabi/10.2.0/../../../../arm-none-eabi/lib/thumb/v7e-m+fp/hard/libnosys.a(sbrk.o)
 .debug_abbrev  0x00000000000034c1       0x14 /usr/lib/gcc/arm-none-eabi/10.2.0/thumb/v7e-m+fp/hard/libgcc.a(_aeabi_uldivmod.o)
 .debug_abbrev  0x00000000000034d5      0x122 /usr/lib/gcc/arm-none-eabi/10.2.0/thumb/v7e-m+fp/hard/libgcc.a(_udivmoddi4.o)
 .debug_abbrev  0x00000000000035f7       0x14 /usr/lib/gcc/arm-none-eabi/10.2.0/thumb/v7e-m+fp/hard/libgcc.a(_dvmd_tls.o)

.debug_loc      0x0000000000000000     0x94ae
 .debug_loc     0x0000000000000000      0x27e build/main.o
 .debug_loc     0x000000000000027e       0x40 build/stm32f4xx_it.o
 .debug_loc     0x00000000000002be      0x1d8 build/stm32f4xx_hal_msp.o
 .debug_loc     0x0000000000000496      0xef8 build/stm32f4xx_hal_rtc.o
 .debug_loc     0x000000000000138e     0x1423 build/stm32f4xx_hal_rtc_ex.o
 .debug_loc     0x00000000000027b1      0x6e4 build/stm32f4xx_hal_rcc.o
 .debug_loc     0x0000000000002e95      0x473 build/stm32f4xx_hal_rcc_ex.o
 .debug_loc     0x0000000000003308      0x5e8 build/stm32f4xx_hal_gpio.o
 .debug_loc     0x00000000000038f0      0x7a4 build/stm32f4xx_hal_cortex.o
 .debug_loc     0x0000000000004094      0x1e1 build/stm32f4xx_hal.o
 .debug_loc     0x0000000000004275      0x158 build/system_stm32f4xx.o
 .debug_loc     0x00000000000043cd     0x265b build/stm32f4xx_hal_uart.o
 .debug_loc     0x0000000000006a28       0x60 /usr/lib/gcc/arm-none-eabi/10.2.0/../../../../arm-none-eabi/lib/thumb/v7e-m+fp/hard/libc_nano.a(lib_a-init.o)
 .debug_loc     0x0000000000006a88       0x63 /usr/lib/gcc/arm-none-eabi/10.2.0/../../../../arm-none-eabi/lib/thumb/v7e-m+fp/hard/libc_nano.a(lib_a-memset.o)
 .debug_loc     0x0000000000006aeb       0xb7 /usr/lib/gcc/arm-none-eabi/10.2.0/../../../../arm-none-eabi/lib/thumb/v7e-m+fp/hard/libc_nano.a(lib_a-sprintf.o)
 .debug_loc     0x0000000000006ba2      0x71e /usr/lib/gcc/arm-none-eabi/10.2.0/../../../../arm-none-eabi/lib/thumb/v7e-m+fp/hard/libc_nano.a(lib_a-nano-svfprintf.o)
 .debug_loc     0x00000000000072c0      0x622 /usr/lib/gcc/arm-none-eabi/10.2.0/../../../../arm-none-eabi/lib/thumb/v7e-m+fp/hard/libc_nano.a(lib_a-nano-vfprintf_i.o)
 .debug_loc     0x00000000000078e2       0xd9 /usr/lib/gcc/arm-none-eabi/10.2.0/../../../../arm-none-eabi/lib/thumb/v7e-m+fp/hard/libc_nano.a(lib_a-memcpy-stub.o)
 .debug_loc     0x00000000000079bb      0x1d4 /usr/lib/gcc/arm-none-eabi/10.2.0/../../../../arm-none-eabi/lib/thumb/v7e-m+fp/hard/libc_nano.a(lib_a-memmove.o)
 .debug_loc     0x0000000000007b8f      0x152 /usr/lib/gcc/arm-none-eabi/10.2.0/../../../../arm-none-eabi/lib/thumb/v7e-m+fp/hard/libc_nano.a(lib_a-nano-freer.o)
 .debug_loc     0x0000000000007ce1      0x374 /usr/lib/gcc/arm-none-eabi/10.2.0/../../../../arm-none-eabi/lib/thumb/v7e-m+fp/hard/libc_nano.a(lib_a-nano-mallocr.o)
 .debug_loc     0x0000000000008055      0x17e /usr/lib/gcc/arm-none-eabi/10.2.0/../../../../arm-none-eabi/lib/thumb/v7e-m+fp/hard/libc_nano.a(lib_a-nano-reallocr.o)
 .debug_loc     0x00000000000081d3       0x6c /usr/lib/gcc/arm-none-eabi/10.2.0/../../../../arm-none-eabi/lib/thumb/v7e-m+fp/hard/libc_nano.a(lib_a-sbrkr.o)
 .debug_loc     0x000000000000823f       0x86 /usr/lib/gcc/arm-none-eabi/10.2.0/../../../../arm-none-eabi/lib/thumb/v7e-m+fp/hard/libc_nano.a(lib_a-nano-msizer.o)
 .debug_loc     0x00000000000082c5      0x138 /usr/lib/gcc/arm-none-eabi/10.2.0/../../../../arm-none-eabi/lib/thumb/v7e-m+fp/hard/libc_nano.a(lib_a-reent.o)
 .debug_loc     0x00000000000083fd       0x3e /usr/lib/gcc/arm-none-eabi/10.2.0/../../../../arm-none-eabi/lib/thumb/v7e-m+fp/hard/libnosys.a(sbrk.o)
 .debug_loc     0x000000000000843b     0x1073 /usr/lib/gcc/arm-none-eabi/10.2.0/thumb/v7e-m+fp/hard/libgcc.a(_udivmoddi4.o)

.debug_aranges  0x0000000000000000      0xad0
 .debug_aranges
                0x0000000000000000       0x68 build/main.o
 .debug_aranges
                0x0000000000000068       0x68 build/stm32f4xx_it.o
 .debug_aranges
                0x00000000000000d0       0x40 build/stm32f4xx_hal_msp.o
 .debug_aranges
                0x0000000000000110       0xe0 build/stm32f4xx_hal_rtc.o
 .debug_aranges
                0x00000000000001f0      0x130 build/stm32f4xx_hal_rtc_ex.o
 .debug_aranges
                0x0000000000000320       0x88 build/stm32f4xx_hal_rcc.o
 .debug_aranges
                0x00000000000003a8       0x48 build/stm32f4xx_hal_rcc_ex.o
 .debug_aranges
                0x00000000000003f0       0x58 build/stm32f4xx_hal_gpio.o
 .debug_aranges
                0x0000000000000448       0xa8 build/stm32f4xx_hal_cortex.o
 .debug_aranges
                0x00000000000004f0       0xf0 build/stm32f4xx_hal.o
 .debug_aranges
                0x00000000000005e0       0x28 build/system_stm32f4xx.o
 .debug_aranges
                0x0000000000000608      0x200 build/stm32f4xx_hal_uart.o
 .debug_aranges
                0x0000000000000808       0x28 build/startup_stm32f407xx.o
 .debug_aranges
                0x0000000000000830       0x18 /usr/lib/gcc/arm-none-eabi/10.2.0/../../../../arm-none-eabi/lib/thumb/v7e-m+fp/hard/libc_nano.a(lib_a-impure.o)
 .debug_aranges
                0x0000000000000848       0x20 /usr/lib/gcc/arm-none-eabi/10.2.0/../../../../arm-none-eabi/lib/thumb/v7e-m+fp/hard/libc_nano.a(lib_a-init.o)
 .debug_aranges
                0x0000000000000868       0x20 /usr/lib/gcc/arm-none-eabi/10.2.0/../../../../arm-none-eabi/lib/thumb/v7e-m+fp/hard/libc_nano.a(lib_a-memset.o)
 .debug_aranges
                0x0000000000000888       0x28 /usr/lib/gcc/arm-none-eabi/10.2.0/../../../../arm-none-eabi/lib/thumb/v7e-m+fp/hard/libc_nano.a(lib_a-sprintf.o)
 .debug_aranges
                0x00000000000008b0       0x30 /usr/lib/gcc/arm-none-eabi/10.2.0/../../../../arm-none-eabi/lib/thumb/v7e-m+fp/hard/libc_nano.a(lib_a-nano-svfprintf.o)
 .debug_aranges
                0x00000000000008e0       0x28 /usr/lib/gcc/arm-none-eabi/10.2.0/../../../../arm-none-eabi/lib/thumb/v7e-m+fp/hard/libc_nano.a(lib_a-nano-vfprintf_i.o)
 .debug_aranges
                0x0000000000000908       0x20 /usr/lib/gcc/arm-none-eabi/10.2.0/../../../../arm-none-eabi/lib/thumb/v7e-m+fp/hard/libc_nano.a(lib_a-memchr.o)
 .debug_aranges
                0x0000000000000928       0x20 /usr/lib/gcc/arm-none-eabi/10.2.0/../../../../arm-none-eabi/lib/thumb/v7e-m+fp/hard/libc_nano.a(lib_a-memcpy-stub.o)
 .debug_aranges
                0x0000000000000948       0x20 /usr/lib/gcc/arm-none-eabi/10.2.0/../../../../arm-none-eabi/lib/thumb/v7e-m+fp/hard/libc_nano.a(lib_a-memmove.o)
 .debug_aranges
                0x0000000000000968       0x20 /usr/lib/gcc/arm-none-eabi/10.2.0/../../../../arm-none-eabi/lib/thumb/v7e-m+fp/hard/libc_nano.a(lib_a-nano-freer.o)
 .debug_aranges
                0x0000000000000988       0x20 /usr/lib/gcc/arm-none-eabi/10.2.0/../../../../arm-none-eabi/lib/thumb/v7e-m+fp/hard/libc_nano.a(lib_a-nano-mallocr.o)
 .debug_aranges
                0x00000000000009a8       0x20 /usr/lib/gcc/arm-none-eabi/10.2.0/../../../../arm-none-eabi/lib/thumb/v7e-m+fp/hard/libc_nano.a(lib_a-nano-reallocr.o)
 .debug_aranges
                0x00000000000009c8       0x20 /usr/lib/gcc/arm-none-eabi/10.2.0/../../../../arm-none-eabi/lib/thumb/v7e-m+fp/hard/libc_nano.a(lib_a-sbrkr.o)
 .debug_aranges
                0x00000000000009e8       0x20 /usr/lib/gcc/arm-none-eabi/10.2.0/../../../../arm-none-eabi/lib/thumb/v7e-m+fp/hard/libc_nano.a(lib_a-mlock.o)
 .debug_aranges
                0x0000000000000a08       0x20 /usr/lib/gcc/arm-none-eabi/10.2.0/../../../../arm-none-eabi/lib/thumb/v7e-m+fp/hard/libc_nano.a(lib_a-nano-msizer.o)
 .debug_aranges
                0x0000000000000a28       0x28 /usr/lib/gcc/arm-none-eabi/10.2.0/../../../../arm-none-eabi/lib/thumb/v7e-m+fp/hard/libc_nano.a(lib_a-reent.o)
 .debug_aranges
                0x0000000000000a50       0x20 /usr/lib/gcc/arm-none-eabi/10.2.0/../../../../arm-none-eabi/lib/thumb/v7e-m+fp/hard/libnosys.a(sbrk.o)
 .debug_aranges
                0x0000000000000a70       0x20 /usr/lib/gcc/arm-none-eabi/10.2.0/thumb/v7e-m+fp/hard/libgcc.a(_aeabi_uldivmod.o)
 .debug_aranges
                0x0000000000000a90       0x20 /usr/lib/gcc/arm-none-eabi/10.2.0/thumb/v7e-m+fp/hard/libgcc.a(_udivmoddi4.o)
 .debug_aranges
                0x0000000000000ab0       0x20 /usr/lib/gcc/arm-none-eabi/10.2.0/thumb/v7e-m+fp/hard/libgcc.a(_dvmd_tls.o)

.debug_ranges   0x0000000000000000      0xb18
 .debug_ranges  0x0000000000000000       0x58 build/main.o
 .debug_ranges  0x0000000000000058       0x58 build/stm32f4xx_it.o
 .debug_ranges  0x00000000000000b0       0x30 build/stm32f4xx_hal_msp.o
 .debug_ranges  0x00000000000000e0       0xd0 build/stm32f4xx_hal_rtc.o
 .debug_ranges  0x00000000000001b0      0x120 build/stm32f4xx_hal_rtc_ex.o
 .debug_ranges  0x00000000000002d0       0x90 build/stm32f4xx_hal_rcc.o
 .debug_ranges  0x0000000000000360       0x38 build/stm32f4xx_hal_rcc_ex.o
 .debug_ranges  0x0000000000000398       0x48 build/stm32f4xx_hal_gpio.o
 .debug_ranges  0x00000000000003e0       0xf8 build/stm32f4xx_hal_cortex.o
 .debug_ranges  0x00000000000004d8       0xe0 build/stm32f4xx_hal.o
 .debug_ranges  0x00000000000005b8       0x18 build/system_stm32f4xx.o
 .debug_ranges  0x00000000000005d0      0x1f0 build/stm32f4xx_hal_uart.o
 .debug_ranges  0x00000000000007c0       0x20 build/startup_stm32f407xx.o
 .debug_ranges  0x00000000000007e0       0x10 /usr/lib/gcc/arm-none-eabi/10.2.0/../../../../arm-none-eabi/lib/thumb/v7e-m+fp/hard/libc_nano.a(lib_a-init.o)
 .debug_ranges  0x00000000000007f0       0x10 /usr/lib/gcc/arm-none-eabi/10.2.0/../../../../arm-none-eabi/lib/thumb/v7e-m+fp/hard/libc_nano.a(lib_a-memset.o)
 .debug_ranges  0x0000000000000800       0x18 /usr/lib/gcc/arm-none-eabi/10.2.0/../../../../arm-none-eabi/lib/thumb/v7e-m+fp/hard/libc_nano.a(lib_a-sprintf.o)
 .debug_ranges  0x0000000000000818       0x60 /usr/lib/gcc/arm-none-eabi/10.2.0/../../../../arm-none-eabi/lib/thumb/v7e-m+fp/hard/libc_nano.a(lib_a-nano-svfprintf.o)
 .debug_ranges  0x0000000000000878       0x90 /usr/lib/gcc/arm-none-eabi/10.2.0/../../../../arm-none-eabi/lib/thumb/v7e-m+fp/hard/libc_nano.a(lib_a-nano-vfprintf_i.o)
 .debug_ranges  0x0000000000000908       0x10 /usr/lib/gcc/arm-none-eabi/10.2.0/../../../../arm-none-eabi/lib/thumb/v7e-m+fp/hard/libc_nano.a(lib_a-memcpy-stub.o)
 .debug_ranges  0x0000000000000918       0x10 /usr/lib/gcc/arm-none-eabi/10.2.0/../../../../arm-none-eabi/lib/thumb/v7e-m+fp/hard/libc_nano.a(lib_a-memmove.o)
 .debug_ranges  0x0000000000000928       0x28 /usr/lib/gcc/arm-none-eabi/10.2.0/../../../../arm-none-eabi/lib/thumb/v7e-m+fp/hard/libc_nano.a(lib_a-nano-freer.o)
 .debug_ranges  0x0000000000000950       0x48 /usr/lib/gcc/arm-none-eabi/10.2.0/../../../../arm-none-eabi/lib/thumb/v7e-m+fp/hard/libc_nano.a(lib_a-nano-mallocr.o)
 .debug_ranges  0x0000000000000998       0x10 /usr/lib/gcc/arm-none-eabi/10.2.0/../../../../arm-none-eabi/lib/thumb/v7e-m+fp/hard/libc_nano.a(lib_a-nano-reallocr.o)
 .debug_ranges  0x00000000000009a8       0x10 /usr/lib/gcc/arm-none-eabi/10.2.0/../../../../arm-none-eabi/lib/thumb/v7e-m+fp/hard/libc_nano.a(lib_a-sbrkr.o)
 .debug_ranges  0x00000000000009b8       0x10 /usr/lib/gcc/arm-none-eabi/10.2.0/../../../../arm-none-eabi/lib/thumb/v7e-m+fp/hard/libc_nano.a(lib_a-mlock.o)
 .debug_ranges  0x00000000000009c8       0x10 /usr/lib/gcc/arm-none-eabi/10.2.0/../../../../arm-none-eabi/lib/thumb/v7e-m+fp/hard/libc_nano.a(lib_a-nano-msizer.o)
 .debug_ranges  0x00000000000009d8       0x40 /usr/lib/gcc/arm-none-eabi/10.2.0/../../../../arm-none-eabi/lib/thumb/v7e-m+fp/hard/libc_nano.a(lib_a-reent.o)
 .debug_ranges  0x0000000000000a18       0x10 /usr/lib/gcc/arm-none-eabi/10.2.0/../../../../arm-none-eabi/lib/thumb/v7e-m+fp/hard/libnosys.a(sbrk.o)
 .debug_ranges  0x0000000000000a28       0xf0 /usr/lib/gcc/arm-none-eabi/10.2.0/thumb/v7e-m+fp/hard/libgcc.a(_udivmoddi4.o)

.debug_line     0x0000000000000000     0xa37e
 .debug_line    0x0000000000000000      0x624 build/main.o
 .debug_line    0x0000000000000624      0x276 build/stm32f4xx_it.o
 .debug_line    0x000000000000089a      0x2b5 build/stm32f4xx_hal_msp.o
 .debug_line    0x0000000000000b4f     0x1047 build/stm32f4xx_hal_rtc.o
 .debug_line    0x0000000000001b96     0x169a build/stm32f4xx_hal_rtc_ex.o
 .debug_line    0x0000000000003230      0xab4 build/stm32f4xx_hal_rcc.o
 .debug_line    0x0000000000003ce4      0x589 build/stm32f4xx_hal_rcc_ex.o
 .debug_line    0x000000000000426d      0x685 build/stm32f4xx_hal_gpio.o
 .debug_line    0x00000000000048f2      0x71c build/stm32f4xx_hal_cortex.o
 .debug_line    0x000000000000500e      0x509 build/stm32f4xx_hal.o
 .debug_line    0x0000000000005517      0x1f4 build/system_stm32f4xx.o
 .debug_line    0x000000000000570b     0x2060 build/stm32f4xx_hal_uart.o
 .debug_line    0x000000000000776b       0x76 build/startup_stm32f407xx.o
 .debug_line    0x00000000000077e1       0xe5 /usr/lib/gcc/arm-none-eabi/10.2.0/../../../../arm-none-eabi/lib/thumb/v7e-m+fp/hard/libc_nano.a(lib_a-impure.o)
 .debug_line    0x00000000000078c6      0x141 /usr/lib/gcc/arm-none-eabi/10.2.0/../../../../arm-none-eabi/lib/thumb/v7e-m+fp/hard/libc_nano.a(lib_a-init.o)
 .debug_line    0x0000000000007a07       0xfe /usr/lib/gcc/arm-none-eabi/10.2.0/../../../../arm-none-eabi/lib/thumb/v7e-m+fp/hard/libc_nano.a(lib_a-memset.o)
 .debug_line    0x0000000000007b05      0x216 /usr/lib/gcc/arm-none-eabi/10.2.0/../../../../arm-none-eabi/lib/thumb/v7e-m+fp/hard/libc_nano.a(lib_a-sprintf.o)
 .debug_line    0x0000000000007d1b      0x7b1 /usr/lib/gcc/arm-none-eabi/10.2.0/../../../../arm-none-eabi/lib/thumb/v7e-m+fp/hard/libc_nano.a(lib_a-nano-svfprintf.o)
 .debug_line    0x00000000000084cc      0x6aa /usr/lib/gcc/arm-none-eabi/10.2.0/../../../../arm-none-eabi/lib/thumb/v7e-m+fp/hard/libc_nano.a(lib_a-nano-vfprintf_i.o)
 .debug_line    0x0000000000008b76       0xa4 /usr/lib/gcc/arm-none-eabi/10.2.0/../../../../arm-none-eabi/lib/thumb/v7e-m+fp/hard/libc_nano.a(lib_a-memchr.o)
 .debug_line    0x0000000000008c1a      0x11e /usr/lib/gcc/arm-none-eabi/10.2.0/../../../../arm-none-eabi/lib/thumb/v7e-m+fp/hard/libc_nano.a(lib_a-memcpy-stub.o)
 .debug_line    0x0000000000008d38      0x13e /usr/lib/gcc/arm-none-eabi/10.2.0/../../../../arm-none-eabi/lib/thumb/v7e-m+fp/hard/libc_nano.a(lib_a-memmove.o)
 .debug_line    0x0000000000008e76      0x28a /usr/lib/gcc/arm-none-eabi/10.2.0/../../../../arm-none-eabi/lib/thumb/v7e-m+fp/hard/libc_nano.a(lib_a-nano-freer.o)
 .debug_line    0x0000000000009100      0x318 /usr/lib/gcc/arm-none-eabi/10.2.0/../../../../arm-none-eabi/lib/thumb/v7e-m+fp/hard/libc_nano.a(lib_a-nano-mallocr.o)
 .debug_line    0x0000000000009418      0x1cb /usr/lib/gcc/arm-none-eabi/10.2.0/../../../../arm-none-eabi/lib/thumb/v7e-m+fp/hard/libc_nano.a(lib_a-nano-reallocr.o)
 .debug_line    0x00000000000095e3      0x182 /usr/lib/gcc/arm-none-eabi/10.2.0/../../../../arm-none-eabi/lib/thumb/v7e-m+fp/hard/libc_nano.a(lib_a-sbrkr.o)
 .debug_line    0x0000000000009765      0x140 /usr/lib/gcc/arm-none-eabi/10.2.0/../../../../arm-none-eabi/lib/thumb/v7e-m+fp/hard/libc_nano.a(lib_a-mlock.o)
 .debug_line    0x00000000000098a5      0x15e /usr/lib/gcc/arm-none-eabi/10.2.0/../../../../arm-none-eabi/lib/thumb/v7e-m+fp/hard/libc_nano.a(lib_a-nano-msizer.o)
 .debug_line    0x0000000000009a03      0x28d /usr/lib/gcc/arm-none-eabi/10.2.0/../../../../arm-none-eabi/lib/thumb/v7e-m+fp/hard/libc_nano.a(lib_a-reent.o)
 .debug_line    0x0000000000009c90       0x79 /usr/lib/gcc/arm-none-eabi/10.2.0/../../../../arm-none-eabi/lib/thumb/v7e-m+fp/hard/libnosys.a(sbrk.o)
 .debug_line    0x0000000000009d09       0x6b /usr/lib/gcc/arm-none-eabi/10.2.0/thumb/v7e-m+fp/hard/libgcc.a(_aeabi_uldivmod.o)
 .debug_line    0x0000000000009d74      0x59f /usr/lib/gcc/arm-none-eabi/10.2.0/thumb/v7e-m+fp/hard/libgcc.a(_udivmoddi4.o)
 .debug_line    0x000000000000a313       0x6b /usr/lib/gcc/arm-none-eabi/10.2.0/thumb/v7e-m+fp/hard/libgcc.a(_dvmd_tls.o)

.debug_str      0x0000000000000000     0x3e79
 .debug_str     0x0000000000000000      0xcf1 build/main.o
                                        0xddb (size before relaxing)
 .debug_str     0x0000000000000cf1       0xe8 build/stm32f4xx_it.o
                                        0x470 (size before relaxing)
 .debug_str     0x0000000000000dd9      0x5be build/stm32f4xx_hal_msp.o
                                        0xec5 (size before relaxing)
 .debug_str     0x0000000000001397      0x2da build/stm32f4xx_hal_rtc.o
                                        0x7b4 (size before relaxing)
 .debug_str     0x0000000000001671      0x4fe build/stm32f4xx_hal_rtc_ex.o
                                        0xa8d (size before relaxing)
 .debug_str     0x0000000000001b6f      0x209 build/stm32f4xx_hal_rcc.o
                                        0x6ee (size before relaxing)
 .debug_str     0x0000000000001d78       0xf6 build/stm32f4xx_hal_rcc_ex.o
                                        0x4af (size before relaxing)
 .debug_str     0x0000000000001e6e       0xf5 build/stm32f4xx_hal_gpio.o
                                        0x4c8 (size before relaxing)
 .debug_str     0x0000000000001f63      0x4ce build/stm32f4xx_hal_cortex.o
                                        0xc14 (size before relaxing)
 .debug_str     0x0000000000002431      0x29f build/stm32f4xx_hal.o
                                        0xb42 (size before relaxing)
 .debug_str     0x00000000000026d0       0x47 build/system_stm32f4xx.o
                                        0x35d (size before relaxing)
 .debug_str     0x0000000000002717      0x61c build/stm32f4xx_hal_uart.o
                                        0xd1d (size before relaxing)
 .debug_str     0x0000000000002d33       0x22 build/startup_stm32f407xx.o
                                         0x63 (size before relaxing)
 .debug_str     0x0000000000002d55      0x47f /usr/lib/gcc/arm-none-eabi/10.2.0/../../../../arm-none-eabi/lib/thumb/v7e-m+fp/hard/libc_nano.a(lib_a-impure.o)
                                        0x570 (size before relaxing)
 .debug_str     0x00000000000031d4       0xf7 /usr/lib/gcc/arm-none-eabi/10.2.0/../../../../arm-none-eabi/lib/thumb/v7e-m+fp/hard/libc_nano.a(lib_a-init.o)
                                        0x21d (size before relaxing)
 .debug_str     0x00000000000032cb       0x97 /usr/lib/gcc/arm-none-eabi/10.2.0/../../../../arm-none-eabi/lib/thumb/v7e-m+fp/hard/libc_nano.a(lib_a-memset.o)
                                        0x1be (size before relaxing)
 .debug_str     0x0000000000003362       0xcc /usr/lib/gcc/arm-none-eabi/10.2.0/../../../../arm-none-eabi/lib/thumb/v7e-m+fp/hard/libc_nano.a(lib_a-sprintf.o)
                                        0x55e (size before relaxing)
 .debug_str     0x000000000000342e      0x2a0 /usr/lib/gcc/arm-none-eabi/10.2.0/../../../../arm-none-eabi/lib/thumb/v7e-m+fp/hard/libc_nano.a(lib_a-nano-svfprintf.o)
                                        0x867 (size before relaxing)
 .debug_str     0x00000000000036ce       0x94 /usr/lib/gcc/arm-none-eabi/10.2.0/../../../../arm-none-eabi/lib/thumb/v7e-m+fp/hard/libc_nano.a(lib_a-nano-vfprintf_i.o)
                                        0x7fe (size before relaxing)
 .debug_str     0x0000000000003762       0xa4 /usr/lib/gcc/arm-none-eabi/10.2.0/../../../../arm-none-eabi/lib/thumb/v7e-m+fp/hard/libc_nano.a(lib_a-memchr.o)
                                         0xb0 (size before relaxing)
 .debug_str     0x0000000000003806       0x55 /usr/lib/gcc/arm-none-eabi/10.2.0/../../../../arm-none-eabi/lib/thumb/v7e-m+fp/hard/libc_nano.a(lib_a-memcpy-stub.o)
                                        0x1e4 (size before relaxing)
 .debug_str     0x000000000000385b       0x4e /usr/lib/gcc/arm-none-eabi/10.2.0/../../../../arm-none-eabi/lib/thumb/v7e-m+fp/hard/libc_nano.a(lib_a-memmove.o)
                                        0x1d9 (size before relaxing)
 .debug_str     0x00000000000038a9      0x117 /usr/lib/gcc/arm-none-eabi/10.2.0/../../../../arm-none-eabi/lib/thumb/v7e-m+fp/hard/libc_nano.a(lib_a-nano-freer.o)
                                        0x5a7 (size before relaxing)
 .debug_str     0x00000000000039c0       0x5d /usr/lib/gcc/arm-none-eabi/10.2.0/../../../../arm-none-eabi/lib/thumb/v7e-m+fp/hard/libc_nano.a(lib_a-nano-mallocr.o)
                                        0x5fc (size before relaxing)
 .debug_str     0x0000000000003a1d       0x2c /usr/lib/gcc/arm-none-eabi/10.2.0/../../../../arm-none-eabi/lib/thumb/v7e-m+fp/hard/libc_nano.a(lib_a-nano-reallocr.o)
                                        0x59a (size before relaxing)
 .debug_str     0x0000000000003a49       0x47 /usr/lib/gcc/arm-none-eabi/10.2.0/../../../../arm-none-eabi/lib/thumb/v7e-m+fp/hard/libc_nano.a(lib_a-sbrkr.o)
                                        0x528 (size before relaxing)
 .debug_str     0x0000000000003a90       0x4c /usr/lib/gcc/arm-none-eabi/10.2.0/../../../../arm-none-eabi/lib/thumb/v7e-m+fp/hard/libc_nano.a(lib_a-mlock.o)
                                        0x53e (size before relaxing)
 .debug_str     0x0000000000003adc        0xf /usr/lib/gcc/arm-none-eabi/10.2.0/../../../../arm-none-eabi/lib/thumb/v7e-m+fp/hard/libc_nano.a(lib_a-nano-msizer.o)
                                        0x56f (size before relaxing)
 .debug_str     0x0000000000003aeb       0x5e /usr/lib/gcc/arm-none-eabi/10.2.0/../../../../arm-none-eabi/lib/thumb/v7e-m+fp/hard/libc_nano.a(lib_a-reent.o)
                                        0x550 (size before relaxing)
 .debug_str     0x0000000000003b49      0x111 /usr/lib/gcc/arm-none-eabi/10.2.0/../../../../arm-none-eabi/lib/thumb/v7e-m+fp/hard/libnosys.a(sbrk.o)
                                        0x12a (size before relaxing)
 .debug_str     0x0000000000003c5a       0xa4 /usr/lib/gcc/arm-none-eabi/10.2.0/thumb/v7e-m+fp/hard/libgcc.a(_aeabi_uldivmod.o)
                                         0xb0 (size before relaxing)
 .debug_str     0x0000000000003cfe      0x140 /usr/lib/gcc/arm-none-eabi/10.2.0/thumb/v7e-m+fp/hard/libgcc.a(_udivmoddi4.o)
                                        0x247 (size before relaxing)
 .debug_str     0x0000000000003e3e       0x3b /usr/lib/gcc/arm-none-eabi/10.2.0/thumb/v7e-m+fp/hard/libgcc.a(_dvmd_tls.o)
                                         0xb4 (size before relaxing)

.debug_frame    0x0000000000000000     0x184c
 .debug_frame   0x0000000000000000      0x11c build/main.o
 .debug_frame   0x000000000000011c       0xc0 build/stm32f4xx_it.o
 .debug_frame   0x00000000000001dc       0x90 build/stm32f4xx_hal_msp.o
 .debug_frame   0x000000000000026c      0x25c build/stm32f4xx_hal_rtc.o
 .debug_frame   0x00000000000004c8      0x380 build/stm32f4xx_hal_rtc_ex.o
 .debug_frame   0x0000000000000848      0x16c build/stm32f4xx_hal_rcc.o
 .debug_frame   0x00000000000009b4       0xa4 build/stm32f4xx_hal_rcc_ex.o
 .debug_frame   0x0000000000000a58       0xd8 build/stm32f4xx_hal_gpio.o
 .debug_frame   0x0000000000000b30      0x148 build/stm32f4xx_hal_cortex.o
 .debug_frame   0x0000000000000c78      0x1ec build/stm32f4xx_hal.o
 .debug_frame   0x0000000000000e64       0x30 build/system_stm32f4xx.o
 .debug_frame   0x0000000000000e94      0x5c4 build/stm32f4xx_hal_uart.o
 .debug_frame   0x0000000000001458       0x2c /usr/lib/gcc/arm-none-eabi/10.2.0/../../../../arm-none-eabi/lib/thumb/v7e-m+fp/hard/libc_nano.a(lib_a-init.o)
 .debug_frame   0x0000000000001484       0x20 /usr/lib/gcc/arm-none-eabi/10.2.0/../../../../arm-none-eabi/lib/thumb/v7e-m+fp/hard/libc_nano.a(lib_a-memset.o)
 .debug_frame   0x00000000000014a4       0x6c /usr/lib/gcc/arm-none-eabi/10.2.0/../../../../arm-none-eabi/lib/thumb/v7e-m+fp/hard/libc_nano.a(lib_a-sprintf.o)
 .debug_frame   0x0000000000001510       0x90 /usr/lib/gcc/arm-none-eabi/10.2.0/../../../../arm-none-eabi/lib/thumb/v7e-m+fp/hard/libc_nano.a(lib_a-nano-svfprintf.o)
 .debug_frame   0x00000000000015a0       0x60 /usr/lib/gcc/arm-none-eabi/10.2.0/../../../../arm-none-eabi/lib/thumb/v7e-m+fp/hard/libc_nano.a(lib_a-nano-vfprintf_i.o)
 .debug_frame   0x0000000000001600       0x28 /usr/lib/gcc/arm-none-eabi/10.2.0/../../../../arm-none-eabi/lib/thumb/v7e-m+fp/hard/libc_nano.a(lib_a-memcpy-stub.o)
 .debug_frame   0x0000000000001628       0x28 /usr/lib/gcc/arm-none-eabi/10.2.0/../../../../arm-none-eabi/lib/thumb/v7e-m+fp/hard/libc_nano.a(lib_a-memmove.o)
 .debug_frame   0x0000000000001650       0x38 /usr/lib/gcc/arm-none-eabi/10.2.0/../../../../arm-none-eabi/lib/thumb/v7e-m+fp/hard/libc_nano.a(lib_a-nano-freer.o)
 .debug_frame   0x0000000000001688       0x30 /usr/lib/gcc/arm-none-eabi/10.2.0/../../../../arm-none-eabi/lib/thumb/v7e-m+fp/hard/libc_nano.a(lib_a-nano-mallocr.o)
 .debug_frame   0x00000000000016b8       0x3c /usr/lib/gcc/arm-none-eabi/10.2.0/../../../../arm-none-eabi/lib/thumb/v7e-m+fp/hard/libc_nano.a(lib_a-nano-reallocr.o)
 .debug_frame   0x00000000000016f4       0x2c /usr/lib/gcc/arm-none-eabi/10.2.0/../../../../arm-none-eabi/lib/thumb/v7e-m+fp/hard/libc_nano.a(lib_a-sbrkr.o)
 .debug_frame   0x0000000000001720       0x30 /usr/lib/gcc/arm-none-eabi/10.2.0/../../../../arm-none-eabi/lib/thumb/v7e-m+fp/hard/libc_nano.a(lib_a-mlock.o)
 .debug_frame   0x0000000000001750       0x20 /usr/lib/gcc/arm-none-eabi/10.2.0/../../../../arm-none-eabi/lib/thumb/v7e-m+fp/hard/libc_nano.a(lib_a-nano-msizer.o)
 .debug_frame   0x0000000000001770       0x5c /usr/lib/gcc/arm-none-eabi/10.2.0/../../../../arm-none-eabi/lib/thumb/v7e-m+fp/hard/libc_nano.a(lib_a-reent.o)
 .debug_frame   0x00000000000017cc       0x20 /usr/lib/gcc/arm-none-eabi/10.2.0/../../../../arm-none-eabi/lib/thumb/v7e-m+fp/hard/libnosys.a(sbrk.o)
 .debug_frame   0x00000000000017ec       0x2c /usr/lib/gcc/arm-none-eabi/10.2.0/thumb/v7e-m+fp/hard/libgcc.a(_aeabi_uldivmod.o)
 .debug_frame   0x0000000000001818       0x34 /usr/lib/gcc/arm-none-eabi/10.2.0/thumb/v7e-m+fp/hard/libgcc.a(_udivmoddi4.o)

Cross Reference Table

Symbol                                            File
ADC_IRQHandler                                    build/startup_stm32f407xx.o
AHBPrescTable                                     build/system_stm32f4xx.o
                                                  build/stm32f4xx_hal_rcc.o
APBPrescTable                                     build/system_stm32f4xx.o
                                                  build/stm32f4xx_hal_rcc.o
BusFault_Handler                                  build/stm32f4xx_it.o
CAN1_RX0_IRQHandler                               build/startup_stm32f407xx.o
CAN1_RX1_IRQHandler                               build/startup_stm32f407xx.o
CAN1_SCE_IRQHandler                               build/startup_stm32f407xx.o
CAN1_TX_IRQHandler                                build/startup_stm32f407xx.o
CAN2_RX0_IRQHandler                               build/startup_stm32f407xx.o
CAN2_RX1_IRQHandler                               build/startup_stm32f407xx.o
CAN2_SCE_IRQHandler                               build/startup_stm32f407xx.o
CAN2_TX_IRQHandler                                build/startup_stm32f407xx.o
DCMI_IRQHandler                                   build/startup_stm32f407xx.o
DMA1_Stream0_IRQHandler                           build/startup_stm32f407xx.o
DMA1_Stream1_IRQHandler                           build/startup_stm32f407xx.o
DMA1_Stream2_IRQHandler                           build/startup_stm32f407xx.o
DMA1_Stream3_IRQHandler                           build/startup_stm32f407xx.o
DMA1_Stream4_IRQHandler                           build/startup_stm32f407xx.o
DMA1_Stream5_IRQHandler                           build/startup_stm32f407xx.o
DMA1_Stream6_IRQHandler                           build/startup_stm32f407xx.o
DMA1_Stream7_IRQHandler                           build/startup_stm32f407xx.o
DMA2_Stream0_IRQHandler                           build/startup_stm32f407xx.o
DMA2_Stream1_IRQHandler                           build/startup_stm32f407xx.o
DMA2_Stream2_IRQHandler                           build/startup_stm32f407xx.o
DMA2_Stream3_IRQHandler                           build/startup_stm32f407xx.o
DMA2_Stream4_IRQHandler                           build/startup_stm32f407xx.o
DMA2_Stream5_IRQHandler                           build/startup_stm32f407xx.o
DMA2_Stream6_IRQHandler                           build/startup_stm32f407xx.o
DMA2_Stream7_IRQHandler                           build/startup_stm32f407xx.o
DebugMon_Handler                                  build/stm32f4xx_it.o
Default_Handler                                   build/startup_stm32f407xx.o
ETH_IRQHandler                                    build/startup_stm32f407xx.o
ETH_WKUP_IRQHandler                               build/startup_stm32f407xx.o
EXTI0_IRQHandler                                  build/startup_stm32f407xx.o
EXTI15_10_IRQHandler                              build/startup_stm32f407xx.o
EXTI1_IRQHandler                                  build/startup_stm32f407xx.o
EXTI2_IRQHandler                                  build/startup_stm32f407xx.o
EXTI3_IRQHandler                                  build/startup_stm32f407xx.o
EXTI4_IRQHandler                                  build/startup_stm32f407xx.o
EXTI9_5_IRQHandler                                build/startup_stm32f407xx.o
Error_Handler                                     build/main.o
FLASH_Erase_Sector                                build/stm32f4xx_hal_flash_ex.o
                                                  build/stm32f4xx_hal_flash.o
FLASH_FlushCaches                                 build/stm32f4xx_hal_flash_ex.o
                                                  build/stm32f4xx_hal_flash.o
FLASH_IRQHandler                                  build/startup_stm32f407xx.o
FLASH_WaitForLastOperation                        build/stm32f4xx_hal_flash.o
                                                  build/stm32f4xx_hal_flash_ex.o
FPU_IRQHandler                                    build/startup_stm32f407xx.o
FSMC_IRQHandler                                   build/startup_stm32f407xx.o
HAL_DBGMCU_DisableDBGSleepMode                    build/stm32f4xx_hal.o
HAL_DBGMCU_DisableDBGStandbyMode                  build/stm32f4xx_hal.o
HAL_DBGMCU_DisableDBGStopMode                     build/stm32f4xx_hal.o
HAL_DBGMCU_EnableDBGSleepMode                     build/stm32f4xx_hal.o
HAL_DBGMCU_EnableDBGStandbyMode                   build/stm32f4xx_hal.o
HAL_DBGMCU_EnableDBGStopMode                      build/stm32f4xx_hal.o
HAL_DMAEx_ChangeMemory                            build/stm32f4xx_hal_dma_ex.o
HAL_DMAEx_MultiBufferStart                        build/stm32f4xx_hal_dma_ex.o
HAL_DMAEx_MultiBufferStart_IT                     build/stm32f4xx_hal_dma_ex.o
HAL_DMA_Abort                                     build/stm32f4xx_hal_dma.o
                                                  build/stm32f4xx_hal_uart.o
HAL_DMA_Abort_IT                                  build/stm32f4xx_hal_dma.o
                                                  build/stm32f4xx_hal_uart.o
HAL_DMA_DeInit                                    build/stm32f4xx_hal_dma.o
HAL_DMA_GetError                                  build/stm32f4xx_hal_dma.o
                                                  build/stm32f4xx_hal_uart.o
HAL_DMA_GetState                                  build/stm32f4xx_hal_dma.o
HAL_DMA_IRQHandler                                build/stm32f4xx_hal_dma.o
HAL_DMA_Init                                      build/stm32f4xx_hal_dma.o
HAL_DMA_PollForTransfer                           build/stm32f4xx_hal_dma.o
HAL_DMA_RegisterCallback                          build/stm32f4xx_hal_dma.o
HAL_DMA_Start                                     build/stm32f4xx_hal_dma.o
HAL_DMA_Start_IT                                  build/stm32f4xx_hal_dma.o
                                                  build/stm32f4xx_hal_uart.o
HAL_DMA_UnRegisterCallback                        build/stm32f4xx_hal_dma.o
HAL_DeInit                                        build/stm32f4xx_hal.o
HAL_Delay                                         build/stm32f4xx_hal.o
HAL_DisableCompensationCell                       build/stm32f4xx_hal.o
HAL_EXTI_ClearConfigLine                          build/stm32f4xx_hal_exti.o
HAL_EXTI_ClearPending                             build/stm32f4xx_hal_exti.o
HAL_EXTI_GenerateSWI                              build/stm32f4xx_hal_exti.o
HAL_EXTI_GetConfigLine                            build/stm32f4xx_hal_exti.o
HAL_EXTI_GetHandle                                build/stm32f4xx_hal_exti.o
HAL_EXTI_GetPending                               build/stm32f4xx_hal_exti.o
HAL_EXTI_IRQHandler                               build/stm32f4xx_hal_exti.o
HAL_EXTI_RegisterCallback                         build/stm32f4xx_hal_exti.o
HAL_EXTI_SetConfigLine                            build/stm32f4xx_hal_exti.o
HAL_EnableCompensationCell                        build/stm32f4xx_hal.o
HAL_FLASHEx_Erase                                 build/stm32f4xx_hal_flash_ex.o
HAL_FLASHEx_Erase_IT                              build/stm32f4xx_hal_flash_ex.o
HAL_FLASHEx_OBGetConfig                           build/stm32f4xx_hal_flash_ex.o
HAL_FLASHEx_OBProgram                             build/stm32f4xx_hal_flash_ex.o
HAL_FLASH_EndOfOperationCallback                  build/stm32f4xx_hal_flash.o
HAL_FLASH_GetError                                build/stm32f4xx_hal_flash.o
HAL_FLASH_IRQHandler                              build/stm32f4xx_hal_flash.o
HAL_FLASH_Lock                                    build/stm32f4xx_hal_flash.o
HAL_FLASH_OB_Launch                               build/stm32f4xx_hal_flash.o
HAL_FLASH_OB_Lock                                 build/stm32f4xx_hal_flash.o
HAL_FLASH_OB_Unlock                               build/stm32f4xx_hal_flash.o
HAL_FLASH_OperationErrorCallback                  build/stm32f4xx_hal_flash.o
HAL_FLASH_Program                                 build/stm32f4xx_hal_flash.o
HAL_FLASH_Program_IT                              build/stm32f4xx_hal_flash.o
HAL_FLASH_Unlock                                  build/stm32f4xx_hal_flash.o
HAL_GPIO_DeInit                                   build/stm32f4xx_hal_gpio.o
                                                  build/stm32f4xx_hal_msp.o
HAL_GPIO_EXTI_Callback                            build/stm32f4xx_hal_gpio.o
HAL_GPIO_EXTI_IRQHandler                          build/stm32f4xx_hal_gpio.o
HAL_GPIO_Init                                     build/stm32f4xx_hal_gpio.o
                                                  build/stm32f4xx_hal_rcc.o
                                                  build/stm32f4xx_hal_msp.o
                                                  build/main.o
HAL_GPIO_LockPin                                  build/stm32f4xx_hal_gpio.o
HAL_GPIO_ReadPin                                  build/stm32f4xx_hal_gpio.o
HAL_GPIO_TogglePin                                build/stm32f4xx_hal_gpio.o
                                                  build/main.o
HAL_GPIO_WritePin                                 build/stm32f4xx_hal_gpio.o
                                                  build/main.o
HAL_GetDEVID                                      build/stm32f4xx_hal.o
HAL_GetHalVersion                                 build/stm32f4xx_hal.o
HAL_GetREVID                                      build/stm32f4xx_hal.o
HAL_GetTick                                       build/stm32f4xx_hal.o
                                                  build/stm32f4xx_hal_uart.o
                                                  build/stm32f4xx_hal_pwr_ex.o
                                                  build/stm32f4xx_hal_dma.o
                                                  build/stm32f4xx_hal_flash.o
                                                  build/stm32f4xx_hal_rcc_ex.o
                                                  build/stm32f4xx_hal_rcc.o
                                                  build/stm32f4xx_hal_rtc_ex.o
                                                  build/stm32f4xx_hal_rtc.o
HAL_GetTickFreq                                   build/stm32f4xx_hal.o
HAL_GetTickPrio                                   build/stm32f4xx_hal.o
HAL_GetUIDw0                                      build/stm32f4xx_hal.o
HAL_GetUIDw1                                      build/stm32f4xx_hal.o
HAL_GetUIDw2                                      build/stm32f4xx_hal.o
HAL_HalfDuplex_EnableReceiver                     build/stm32f4xx_hal_uart.o
HAL_HalfDuplex_EnableTransmitter                  build/stm32f4xx_hal_uart.o
HAL_HalfDuplex_Init                               build/stm32f4xx_hal_uart.o
HAL_IncTick                                       build/stm32f4xx_hal.o
                                                  build/stm32f4xx_it.o
HAL_Init                                          build/stm32f4xx_hal.o
                                                  build/main.o
HAL_InitTick                                      build/stm32f4xx_hal.o
                                                  build/stm32f4xx_hal_rcc_ex.o
                                                  build/stm32f4xx_hal_rcc.o
HAL_LIN_Init                                      build/stm32f4xx_hal_uart.o
HAL_LIN_SendBreak                                 build/stm32f4xx_hal_uart.o
HAL_MPU_ConfigRegion                              build/stm32f4xx_hal_cortex.o
HAL_MPU_Disable                                   build/stm32f4xx_hal_cortex.o
HAL_MPU_Enable                                    build/stm32f4xx_hal_cortex.o
HAL_MspDeInit                                     build/stm32f4xx_hal.o
HAL_MspInit                                       build/stm32f4xx_hal_msp.o
HAL_MultiProcessor_EnterMuteMode                  build/stm32f4xx_hal_uart.o
HAL_MultiProcessor_ExitMuteMode                   build/stm32f4xx_hal_uart.o
HAL_MultiProcessor_Init                           build/stm32f4xx_hal_uart.o
HAL_NVIC_ClearPendingIRQ                          build/stm32f4xx_hal_cortex.o
HAL_NVIC_DisableIRQ                               build/stm32f4xx_hal_cortex.o
                                                  build/stm32f4xx_hal_msp.o
HAL_NVIC_EnableIRQ                                build/stm32f4xx_hal_cortex.o
                                                  build/stm32f4xx_hal_msp.o
HAL_NVIC_GetActive                                build/stm32f4xx_hal_cortex.o
HAL_NVIC_GetPendingIRQ                            build/stm32f4xx_hal_cortex.o
HAL_NVIC_GetPriority                              build/stm32f4xx_hal_cortex.o
HAL_NVIC_GetPriorityGrouping                      build/stm32f4xx_hal_cortex.o
HAL_NVIC_SetPendingIRQ                            build/stm32f4xx_hal_cortex.o
HAL_NVIC_SetPriority                              build/stm32f4xx_hal_cortex.o
                                                  build/stm32f4xx_hal.o
                                                  build/stm32f4xx_hal_msp.o
HAL_NVIC_SetPriorityGrouping                      build/stm32f4xx_hal_cortex.o
                                                  build/stm32f4xx_hal.o
HAL_NVIC_SystemReset                              build/stm32f4xx_hal_cortex.o
HAL_PWREx_ControlVoltageScaling                   build/stm32f4xx_hal_pwr_ex.o
HAL_PWREx_DisableBkUpReg                          build/stm32f4xx_hal_pwr_ex.o
HAL_PWREx_DisableFlashPowerDown                   build/stm32f4xx_hal_pwr_ex.o
HAL_PWREx_EnableBkUpReg                           build/stm32f4xx_hal_pwr_ex.o
HAL_PWREx_EnableFlashPowerDown                    build/stm32f4xx_hal_pwr_ex.o
HAL_PWREx_GetVoltageRange                         build/stm32f4xx_hal_pwr_ex.o
HAL_PWR_ConfigPVD                                 build/stm32f4xx_hal_pwr.o
HAL_PWR_DeInit                                    build/stm32f4xx_hal_pwr.o
HAL_PWR_DisableBkUpAccess                         build/stm32f4xx_hal_pwr.o
HAL_PWR_DisablePVD                                build/stm32f4xx_hal_pwr.o
HAL_PWR_DisableSEVOnPend                          build/stm32f4xx_hal_pwr.o
HAL_PWR_DisableSleepOnExit                        build/stm32f4xx_hal_pwr.o
HAL_PWR_DisableWakeUpPin                          build/stm32f4xx_hal_pwr.o
HAL_PWR_EnableBkUpAccess                          build/stm32f4xx_hal_pwr.o
HAL_PWR_EnablePVD                                 build/stm32f4xx_hal_pwr.o
HAL_PWR_EnableSEVOnPend                           build/stm32f4xx_hal_pwr.o
HAL_PWR_EnableSleepOnExit                         build/stm32f4xx_hal_pwr.o
HAL_PWR_EnableWakeUpPin                           build/stm32f4xx_hal_pwr.o
HAL_PWR_EnterSLEEPMode                            build/stm32f4xx_hal_pwr.o
HAL_PWR_EnterSTANDBYMode                          build/stm32f4xx_hal_pwr.o
HAL_PWR_EnterSTOPMode                             build/stm32f4xx_hal_pwr.o
HAL_PWR_PVDCallback                               build/stm32f4xx_hal_pwr.o
HAL_PWR_PVD_IRQHandler                            build/stm32f4xx_hal_pwr.o
HAL_RCCEx_DisablePLLI2S                           build/stm32f4xx_hal_rcc_ex.o
HAL_RCCEx_EnablePLLI2S                            build/stm32f4xx_hal_rcc_ex.o
HAL_RCCEx_GetPeriphCLKConfig                      build/stm32f4xx_hal_rcc_ex.o
HAL_RCCEx_GetPeriphCLKFreq                        build/stm32f4xx_hal_rcc_ex.o
HAL_RCCEx_PeriphCLKConfig                         build/stm32f4xx_hal_rcc_ex.o
                                                  build/main.o
HAL_RCC_CSSCallback                               build/stm32f4xx_hal_rcc.o
HAL_RCC_ClockConfig                               build/stm32f4xx_hal_rcc.o
                                                  build/main.o
HAL_RCC_DeInit                                    build/stm32f4xx_hal_rcc_ex.o
                                                  build/stm32f4xx_hal_rcc.o
HAL_RCC_DisableCSS                                build/stm32f4xx_hal_rcc.o
HAL_RCC_EnableCSS                                 build/stm32f4xx_hal_rcc.o
HAL_RCC_GetClockConfig                            build/stm32f4xx_hal_rcc.o
HAL_RCC_GetHCLKFreq                               build/stm32f4xx_hal_rcc.o
HAL_RCC_GetOscConfig                              build/stm32f4xx_hal_rcc.o
HAL_RCC_GetPCLK1Freq                              build/stm32f4xx_hal_rcc.o
                                                  build/stm32f4xx_hal_uart.o
HAL_RCC_GetPCLK2Freq                              build/stm32f4xx_hal_rcc.o
                                                  build/stm32f4xx_hal_uart.o
HAL_RCC_GetSysClockFreq                           build/stm32f4xx_hal_rcc.o
HAL_RCC_MCOConfig                                 build/stm32f4xx_hal_rcc.o
HAL_RCC_NMI_IRQHandler                            build/stm32f4xx_hal_rcc.o
HAL_RCC_OscConfig                                 build/stm32f4xx_hal_rcc.o
                                                  build/main.o
HAL_RTCEx_AlarmBEventCallback                     build/stm32f4xx_hal_rtc_ex.o
                                                  build/stm32f4xx_hal_rtc.o
HAL_RTCEx_BKUPRead                                build/stm32f4xx_hal_rtc_ex.o
HAL_RTCEx_BKUPWrite                               build/stm32f4xx_hal_rtc_ex.o
HAL_RTCEx_DeactivateCalibrationOutPut             build/stm32f4xx_hal_rtc_ex.o
HAL_RTCEx_DeactivateCoarseCalib                   build/stm32f4xx_hal_rtc_ex.o
HAL_RTCEx_DeactivateRefClock                      build/stm32f4xx_hal_rtc_ex.o
HAL_RTCEx_DeactivateTamper                        build/stm32f4xx_hal_rtc_ex.o
HAL_RTCEx_DeactivateTimeStamp                     build/stm32f4xx_hal_rtc_ex.o
HAL_RTCEx_DeactivateWakeUpTimer                   build/stm32f4xx_hal_rtc_ex.o
HAL_RTCEx_DisableBypassShadow                     build/stm32f4xx_hal_rtc_ex.o
HAL_RTCEx_EnableBypassShadow                      build/stm32f4xx_hal_rtc_ex.o
HAL_RTCEx_GetTimeStamp                            build/stm32f4xx_hal_rtc_ex.o
HAL_RTCEx_GetWakeUpTimer                          build/stm32f4xx_hal_rtc_ex.o
HAL_RTCEx_PollForAlarmBEvent                      build/stm32f4xx_hal_rtc_ex.o
HAL_RTCEx_PollForTamper1Event                     build/stm32f4xx_hal_rtc_ex.o
HAL_RTCEx_PollForTamper2Event                     build/stm32f4xx_hal_rtc_ex.o
HAL_RTCEx_PollForTimeStampEvent                   build/stm32f4xx_hal_rtc_ex.o
HAL_RTCEx_PollForWakeUpTimerEvent                 build/stm32f4xx_hal_rtc_ex.o
HAL_RTCEx_SetCalibrationOutPut                    build/stm32f4xx_hal_rtc_ex.o
HAL_RTCEx_SetCoarseCalib                          build/stm32f4xx_hal_rtc_ex.o
HAL_RTCEx_SetRefClock                             build/stm32f4xx_hal_rtc_ex.o
HAL_RTCEx_SetSmoothCalib                          build/stm32f4xx_hal_rtc_ex.o
HAL_RTCEx_SetSynchroShift                         build/stm32f4xx_hal_rtc_ex.o
HAL_RTCEx_SetTamper                               build/stm32f4xx_hal_rtc_ex.o
HAL_RTCEx_SetTamper_IT                            build/stm32f4xx_hal_rtc_ex.o
HAL_RTCEx_SetTimeStamp                            build/stm32f4xx_hal_rtc_ex.o
HAL_RTCEx_SetTimeStamp_IT                         build/stm32f4xx_hal_rtc_ex.o
HAL_RTCEx_SetWakeUpTimer                          build/stm32f4xx_hal_rtc_ex.o
HAL_RTCEx_SetWakeUpTimer_IT                       build/stm32f4xx_hal_rtc_ex.o
                                                  build/main.o
HAL_RTCEx_Tamper1EventCallback                    build/stm32f4xx_hal_rtc_ex.o
HAL_RTCEx_Tamper2EventCallback                    build/stm32f4xx_hal_rtc_ex.o
HAL_RTCEx_TamperTimeStampIRQHandler               build/stm32f4xx_hal_rtc_ex.o
HAL_RTCEx_TimeStampEventCallback                  build/stm32f4xx_hal_rtc_ex.o
HAL_RTCEx_WakeUpTimerEventCallback                build/main.o
HAL_RTCEx_WakeUpTimerIRQHandler                   build/stm32f4xx_hal_rtc_ex.o
                                                  build/stm32f4xx_it.o
HAL_RTC_AlarmAEventCallback                       build/stm32f4xx_hal_rtc.o
HAL_RTC_AlarmIRQHandler                           build/stm32f4xx_hal_rtc.o
HAL_RTC_DST_Add1Hour                              build/stm32f4xx_hal_rtc.o
HAL_RTC_DST_ClearStoreOperation                   build/stm32f4xx_hal_rtc.o
HAL_RTC_DST_ReadStoreOperation                    build/stm32f4xx_hal_rtc.o
HAL_RTC_DST_SetStoreOperation                     build/stm32f4xx_hal_rtc.o
HAL_RTC_DST_Sub1Hour                              build/stm32f4xx_hal_rtc.o
HAL_RTC_DeInit                                    build/stm32f4xx_hal_rtc.o
HAL_RTC_DeactivateAlarm                           build/stm32f4xx_hal_rtc.o
HAL_RTC_GetAlarm                                  build/stm32f4xx_hal_rtc.o
HAL_RTC_GetDate                                   build/stm32f4xx_hal_rtc.o
HAL_RTC_GetState                                  build/stm32f4xx_hal_rtc.o
HAL_RTC_GetTime                                   build/stm32f4xx_hal_rtc.o